<?xml version="1.0" encoding="ISO-8859-1" ?>
<link_info>
   <banner>TMS320C2000 Linker PC v20.2.1.LTS</banner>
   <copyright>Copyright (c) 1996-2018 Texas Instruments Incorporated</copyright>
   <link_time>0x609a249d</link_time>
   <link_errors>0x0</link_errors>
   <output_file>MonoMtrServo_377s.out</output_file>
   <entry_point>
      <name>_c_int00</name>
      <address>0x9e90</address>
   </entry_point>
   <input_file_list>
      <input_file id="fl-2">
         <path>.\</path>
         <kind>object</kind>
         <file>DRV830x_SPI.obj</file>
         <name>DRV830x_SPI.obj</name>
      </input_file>
      <input_file id="fl-3">
         <path>.\</path>
         <kind>object</kind>
         <file>F2837xS_Adc.obj</file>
         <name>F2837xS_Adc.obj</name>
      </input_file>
      <input_file id="fl-4">
         <path>.\</path>
         <kind>object</kind>
         <file>F2837xS_CodeStartBranch.obj</file>
         <name>F2837xS_CodeStartBranch.obj</name>
      </input_file>
      <input_file id="fl-5">
         <path>.\</path>
         <kind>object</kind>
         <file>F2837xS_DefaultISR.obj</file>
         <name>F2837xS_DefaultISR.obj</name>
      </input_file>
      <input_file id="fl-6">
         <path>.\</path>
         <kind>object</kind>
         <file>F2837xS_GlobalVariableDefs.obj</file>
         <name>F2837xS_GlobalVariableDefs.obj</name>
      </input_file>
      <input_file id="fl-7">
         <path>.\</path>
         <kind>object</kind>
         <file>F2837xS_Gpio.obj</file>
         <name>F2837xS_Gpio.obj</name>
      </input_file>
      <input_file id="fl-8">
         <path>.\</path>
         <kind>object</kind>
         <file>F2837xS_PieCtrl.obj</file>
         <name>F2837xS_PieCtrl.obj</name>
      </input_file>
      <input_file id="fl-9">
         <path>.\</path>
         <kind>object</kind>
         <file>F2837xS_PieVect.obj</file>
         <name>F2837xS_PieVect.obj</name>
      </input_file>
      <input_file id="fl-a">
         <path>.\</path>
         <kind>object</kind>
         <file>F2837xS_SysCtrl.obj</file>
         <name>F2837xS_SysCtrl.obj</name>
      </input_file>
      <input_file id="fl-b">
         <path>.\</path>
         <kind>object</kind>
         <file>F2837xS_sdfm_drivers.obj</file>
         <name>F2837xS_sdfm_drivers.obj</name>
      </input_file>
      <input_file id="fl-c">
         <path>.\</path>
         <kind>object</kind>
         <file>F2837xS_usDelay.obj</file>
         <name>F2837xS_usDelay.obj</name>
      </input_file>
      <input_file id="fl-d">
         <path>.\</path>
         <kind>object</kind>
         <file>MonoMtrServo.obj</file>
         <name>MonoMtrServo.obj</name>
      </input_file>
      <input_file id="fl-e">
         <path>.\</path>
         <kind>object</kind>
         <file>config.obj</file>
         <name>config.obj</name>
      </input_file>
      <input_file id="fl-f">
         <path>.\</path>
         <kind>object</kind>
         <file>drv8301.obj</file>
         <name>drv8301.obj</name>
      </input_file>
      <input_file id="fl-10">
         <path>.\</path>
         <kind>object</kind>
         <file>drv8305.obj</file>
         <name>drv8305.obj</name>
      </input_file>
      <input_file id="fl-11">
         <path>.\utility Src Files\</path>
         <kind>object</kind>
         <file>DLOG_4CH_F.obj</file>
         <name>DLOG_4CH_F.obj</name>
      </input_file>
      <input_file id="fl-18">
         <kind>object</kind>
         <file>&lt;internal&gt;</file>
         <name>&lt;internal&gt;</name>
      </input_file>
      <input_file id="fl-24">
         <path>C:\ti\ccs1010\ccs\tools\compiler\ti-cgt-c2000_20.2.1.LTS\lib\</path>
         <kind>archive</kind>
         <file>rts2800_fpu32.lib</file>
         <name>e_expf.c.obj</name>
      </input_file>
      <input_file id="fl-25">
         <path>C:\ti\ccs1010\ccs\tools\compiler\ti-cgt-c2000_20.2.1.LTS\lib\</path>
         <kind>archive</kind>
         <file>rts2800_fpu32.lib</file>
         <name>s_floorf.c.obj</name>
      </input_file>
      <input_file id="fl-26">
         <path>C:\ti\ccs1010\ccs\tools\compiler\ti-cgt-c2000_20.2.1.LTS\lib\</path>
         <kind>archive</kind>
         <file>rts2800_fpu32.lib</file>
         <name>boot28.asm.obj</name>
      </input_file>
      <input_file id="fl-27">
         <path>C:\ti\ccs1010\ccs\tools\compiler\ti-cgt-c2000_20.2.1.LTS\lib\</path>
         <kind>archive</kind>
         <file>rts2800_fpu32.lib</file>
         <name>fs_div28.asm.obj</name>
      </input_file>
      <input_file id="fl-28">
         <path>C:\ti\ccs1010\ccs\tools\compiler\ti-cgt-c2000_20.2.1.LTS\lib\</path>
         <kind>archive</kind>
         <file>rts2800_fpu32.lib</file>
         <name>cpy_tbl.c.obj</name>
      </input_file>
      <input_file id="fl-29">
         <path>C:\ti\ccs1010\ccs\tools\compiler\ti-cgt-c2000_20.2.1.LTS\lib\</path>
         <kind>archive</kind>
         <file>rts2800_fpu32.lib</file>
         <name>memcpy.c.obj</name>
      </input_file>
      <input_file id="fl-2a">
         <path>C:\ti\ccs1010\ccs\tools\compiler\ti-cgt-c2000_20.2.1.LTS\lib\</path>
         <kind>archive</kind>
         <file>rts2800_fpu32.lib</file>
         <name>pre_init.c.obj</name>
      </input_file>
      <input_file id="fl-2b">
         <path>C:\ti\ccs1010\ccs\tools\compiler\ti-cgt-c2000_20.2.1.LTS\lib\</path>
         <kind>archive</kind>
         <file>rts2800_fpu32.lib</file>
         <name>startup.c.obj</name>
      </input_file>
      <input_file id="fl-2c">
         <path>C:\ti\ccs1010\ccs\tools\compiler\ti-cgt-c2000_20.2.1.LTS\lib\</path>
         <kind>archive</kind>
         <file>rts2800_fpu32.lib</file>
         <name>exit.c.obj</name>
      </input_file>
      <input_file id="fl-2d">
         <path>C:\ti\ccs1010\ccs\tools\compiler\ti-cgt-c2000_20.2.1.LTS\lib\</path>
         <kind>archive</kind>
         <file>rts2800_fpu32.lib</file>
         <name>_lock.c.obj</name>
      </input_file>
      <input_file id="fl-2e">
         <path>C:\ti\ccs1010\ccs\tools\compiler\ti-cgt-c2000_20.2.1.LTS\lib\</path>
         <kind>archive</kind>
         <file>rts2800_fpu32.lib</file>
         <name>args_main.c.obj</name>
      </input_file>
      <input_file id="fl-2f">
         <path>C:\ti\ccs1010\ccs\tools\compiler\ti-cgt-c2000_20.2.1.LTS\lib\</path>
         <kind>archive</kind>
         <file>rts2800_fpu32.lib</file>
         <name>errno.c.obj</name>
      </input_file>
   </input_file_list>
   <object_component_list>
      <object_component id="oc-84">
         <name>codestart</name>
         <load_address>0x0</load_address>
         <run_address>0x0</run_address>
         <size>0x2</size>
         <input_file_ref idref="fl-4"/>
      </object_component>
      <object_component id="oc-10c">
         <name>ramfuncs</name>
         <load_address>0x122</load_address>
         <run_address>0x122</run_address>
         <size>0x4</size>
         <input_file_ref idref="fl-c"/>
      </object_component>
      <object_component id="oc-172">
         <name>.text</name>
         <load_address>0x8000</load_address>
         <run_address>0x8000</run_address>
         <size>0xd3c</size>
         <input_file_ref idref="fl-d"/>
      </object_component>
      <object_component id="oc-8a">
         <name>.text:retain</name>
         <load_address>0x8d3c</load_address>
         <run_address>0x8d3c</run_address>
         <size>0x585</size>
         <input_file_ref idref="fl-5"/>
      </object_component>
      <object_component id="oc-18b">
         <name>.text</name>
         <load_address>0x92c1</load_address>
         <run_address>0x92c1</run_address>
         <size>0x299</size>
         <input_file_ref idref="fl-a"/>
      </object_component>
      <object_component id="oc-173">
         <name>.text</name>
         <load_address>0x955a</load_address>
         <run_address>0x955a</run_address>
         <size>0x244</size>
         <input_file_ref idref="fl-7"/>
      </object_component>
      <object_component id="oc-17b">
         <name>.text</name>
         <load_address>0x979e</load_address>
         <run_address>0x979e</run_address>
         <size>0x20b</size>
         <input_file_ref idref="fl-e"/>
      </object_component>
      <object_component id="oc-114">
         <name>.text:retain</name>
         <load_address>0x99a9</load_address>
         <run_address>0x99a9</run_address>
         <size>0x129</size>
         <input_file_ref idref="fl-d"/>
      </object_component>
      <object_component id="oc-178">
         <name>.text</name>
         <load_address>0x9ad2</load_address>
         <run_address>0x9ad2</run_address>
         <size>0x111</size>
         <input_file_ref idref="fl-24"/>
      </object_component>
      <object_component id="oc-18c">
         <name>.text</name>
         <load_address>0x9be3</load_address>
         <run_address>0x9be3</run_address>
         <size>0xf1</size>
         <input_file_ref idref="fl-3"/>
      </object_component>
      <object_component id="oc-17e">
         <name>.text</name>
         <load_address>0x9cd4</load_address>
         <run_address>0x9cd4</run_address>
         <size>0xdb</size>
         <input_file_ref idref="fl-11"/>
      </object_component>
      <object_component id="oc-13f">
         <name>.text</name>
         <load_address>0x9daf</load_address>
         <run_address>0x9daf</run_address>
         <size>0x88</size>
         <input_file_ref idref="fl-27"/>
      </object_component>
      <object_component id="oc-177">
         <name>.text</name>
         <load_address>0x9e37</load_address>
         <run_address>0x9e37</run_address>
         <size>0x59</size>
         <input_file_ref idref="fl-25"/>
      </object_component>
      <object_component id="oc-78">
         <name>.text</name>
         <load_address>0x9e90</load_address>
         <run_address>0x9e90</run_address>
         <size>0x56</size>
         <input_file_ref idref="fl-26"/>
      </object_component>
      <object_component id="oc-171">
         <name>.text</name>
         <load_address>0x9ee6</load_address>
         <run_address>0x9ee6</run_address>
         <size>0x29</size>
         <input_file_ref idref="fl-2c"/>
      </object_component>
      <object_component id="oc-17c">
         <name>.text</name>
         <load_address>0x9f0f</load_address>
         <run_address>0x9f0f</run_address>
         <size>0x28</size>
         <input_file_ref idref="fl-8"/>
      </object_component>
      <object_component id="oc-17d">
         <name>.text</name>
         <load_address>0x9f37</load_address>
         <run_address>0x9f37</run_address>
         <size>0x26</size>
         <input_file_ref idref="fl-9"/>
      </object_component>
      <object_component id="oc-16e">
         <name>.text</name>
         <load_address>0x9f5d</load_address>
         <run_address>0x9f5d</run_address>
         <size>0x24</size>
         <input_file_ref idref="fl-28"/>
      </object_component>
      <object_component id="oc-174">
         <name>.text</name>
         <load_address>0x9f81</load_address>
         <run_address>0x9f81</run_address>
         <size>0x1d</size>
         <input_file_ref idref="fl-29"/>
      </object_component>
      <object_component id="oc-170">
         <name>.text</name>
         <load_address>0x9f9e</load_address>
         <run_address>0x9f9e</run_address>
         <size>0x12</size>
         <input_file_ref idref="fl-2e"/>
      </object_component>
      <object_component id="oc-186">
         <name>.text</name>
         <load_address>0x9fb0</load_address>
         <run_address>0x9fb0</run_address>
         <size>0x9</size>
         <input_file_ref idref="fl-2d"/>
      </object_component>
      <object_component id="oc-83">
         <name>.text</name>
         <load_address>0x9fb9</load_address>
         <run_address>0x9fb9</run_address>
         <size>0x8</size>
         <input_file_ref idref="fl-4"/>
      </object_component>
      <object_component id="oc-16d">
         <name>.text</name>
         <load_address>0x9fc1</load_address>
         <run_address>0x9fc1</run_address>
         <size>0x2</size>
         <input_file_ref idref="fl-2a"/>
      </object_component>
      <object_component id="oc-16f">
         <name>.text</name>
         <load_address>0x9fc3</load_address>
         <run_address>0x9fc3</run_address>
         <size>0x1</size>
         <input_file_ref idref="fl-2b"/>
      </object_component>
      <object_component id="oc-112">
         <name>.cinit</name>
         <load_address>0x10000</load_address>
         <run_address>0x10000</run_address>
         <size>0x551</size>
         <input_file_ref idref="fl-d"/>
      </object_component>
      <object_component id="oc-159">
         <name>.cinit</name>
         <load_address>0x10551</load_address>
         <run_address>0x10551</run_address>
         <size>0xe</size>
         <input_file_ref idref="fl-2c"/>
      </object_component>
      <object_component id="oc-17a">
         <name>.cinit:_posArray</name>
         <load_address>0x1055f</load_address>
         <run_address>0x1055f</run_address>
         <size>0xb</size>
         <input_file_ref idref="fl-d"/>
      </object_component>
      <object_component id="oc-176">
         <name>.cinit:__lock</name>
         <load_address>0x1056a</load_address>
         <run_address>0x1056a</run_address>
         <size>0x5</size>
         <input_file_ref idref="fl-2d"/>
      </object_component>
      <object_component id="oc-187">
         <name>.cinit:__unlock</name>
         <load_address>0x1056f</load_address>
         <run_address>0x1056f</run_address>
         <size>0x5</size>
         <input_file_ref idref="fl-2d"/>
      </object_component>
      <object_component id="oc-16a">
         <name>.cinit</name>
         <load_address>0x10574</load_address>
         <run_address>0x10574</run_address>
         <size>0x4</size>
         <input_file_ref idref="fl-2f"/>
      </object_component>
      <object_component id="oc-13a">
         <name>.reset</name>
         <load_address>0x3fffc0</load_address>
         <run_address>0x3fffc0</run_address>
         <size>0x2</size>
         <input_file_ref idref="fl-26"/>
      </object_component>
      <object_component id="oc-139">
         <name>.stack</name>
         <uninitialized>true</uninitialized>
         <run_address>0x400</run_address>
         <size>0x0</size>
         <input_file_ref idref="fl-26"/>
      </object_component>
      <object_component id="oc-20e">
         <name>.stack</name>
         <uninitialized>true</uninitialized>
         <run_address>0x400</run_address>
         <size>0x0</size>
      </object_component>
      <object_component id="oc-113">
         <name>.ebss</name>
         <uninitialized>true</uninitialized>
         <run_address>0xb000</run_address>
         <size>0x514</size>
         <input_file_ref idref="fl-d"/>
      </object_component>
      <object_component id="oc-183">
         <name>.ebss:_VTimer0</name>
         <uninitialized>true</uninitialized>
         <run_address>0xb52a</run_address>
         <size>0x4</size>
         <input_file_ref idref="fl-d"/>
      </object_component>
      <object_component id="oc-184">
         <name>.ebss:_VTimer1</name>
         <uninitialized>true</uninitialized>
         <run_address>0xb52e</run_address>
         <size>0x4</size>
         <input_file_ref idref="fl-d"/>
      </object_component>
      <object_component id="oc-185">
         <name>.ebss:_VTimer2</name>
         <uninitialized>true</uninitialized>
         <run_address>0xb532</run_address>
         <size>0x4</size>
         <input_file_ref idref="fl-d"/>
      </object_component>
      <object_component id="oc-179">
         <name>.ebss:_posArray</name>
         <uninitialized>true</uninitialized>
         <run_address>0xb514</run_address>
         <size>0x10</size>
         <input_file_ref idref="fl-d"/>
      </object_component>
      <object_component id="oc-17f">
         <name>.ebss:_DBUFF_4CH1</name>
         <uninitialized>true</uninitialized>
         <run_address>0xb540</run_address>
         <size>0x190</size>
         <input_file_ref idref="fl-d"/>
      </object_component>
      <object_component id="oc-180">
         <name>.ebss:_DBUFF_4CH2</name>
         <uninitialized>true</uninitialized>
         <run_address>0xb700</run_address>
         <size>0x190</size>
         <input_file_ref idref="fl-d"/>
      </object_component>
      <object_component id="oc-181">
         <name>.ebss:_DBUFF_4CH3</name>
         <uninitialized>true</uninitialized>
         <run_address>0xb8c0</run_address>
         <size>0x190</size>
         <input_file_ref idref="fl-d"/>
      </object_component>
      <object_component id="oc-182">
         <name>.ebss:_DBUFF_4CH4</name>
         <uninitialized>true</uninitialized>
         <run_address>0xba80</run_address>
         <size>0x190</size>
         <input_file_ref idref="fl-d"/>
      </object_component>
      <object_component id="oc-15a">
         <name>.ebss</name>
         <uninitialized>true</uninitialized>
         <run_address>0xb524</run_address>
         <size>0x6</size>
         <input_file_ref idref="fl-2c"/>
      </object_component>
      <object_component id="oc-175">
         <name>.ebss:__lock</name>
         <uninitialized>true</uninitialized>
         <run_address>0xb536</run_address>
         <size>0x2</size>
         <input_file_ref idref="fl-2d"/>
      </object_component>
      <object_component id="oc-18e">
         <name>.ebss:__unlock</name>
         <uninitialized>true</uninitialized>
         <run_address>0xb538</run_address>
         <size>0x2</size>
         <input_file_ref idref="fl-2d"/>
      </object_component>
      <object_component id="oc-16b">
         <name>.ebss</name>
         <uninitialized>true</uninitialized>
         <run_address>0xb53a</run_address>
         <size>0x1</size>
         <input_file_ref idref="fl-2f"/>
      </object_component>
      <object_component id="oc-18d">
         <name>.econst:_PieVectTableInit</name>
         <load_address>0xbc10</load_address>
         <run_address>0xbc10</run_address>
         <size>0x1c0</size>
         <input_file_ref idref="fl-9"/>
      </object_component>
      <object_component id="oc-12e">
         <name>.econst</name>
         <load_address>0xbdd0</load_address>
         <run_address>0xbdd0</run_address>
         <size>0x10</size>
         <input_file_ref idref="fl-24"/>
      </object_component>
      <object_component id="oc-188">
         <name>.econst:_halF</name>
         <load_address>0xbde0</load_address>
         <run_address>0xbde0</run_address>
         <size>0x4</size>
         <input_file_ref idref="fl-24"/>
      </object_component>
      <object_component id="oc-189">
         <name>.econst:_ln2HI</name>
         <load_address>0xbde4</load_address>
         <run_address>0xbde4</run_address>
         <size>0x4</size>
         <input_file_ref idref="fl-24"/>
      </object_component>
      <object_component id="oc-18a">
         <name>.econst:_ln2LO</name>
         <load_address>0xbde8</load_address>
         <run_address>0xbde8</run_address>
         <size>0x4</size>
         <input_file_ref idref="fl-24"/>
      </object_component>
      <object_component id="oc-134">
         <name>.econst</name>
         <load_address>0xbdec</load_address>
         <run_address>0xbdec</run_address>
         <size>0x2</size>
         <input_file_ref idref="fl-25"/>
      </object_component>
      <object_component id="oc-f1">
         <name>PieVectTableFile</name>
         <uninitialized>true</uninitialized>
         <run_address>0xd00</run_address>
         <size>0x1c0</size>
         <input_file_ref idref="fl-6"/>
      </object_component>
      <object_component id="oc-90">
         <name>EmuKeyVar</name>
         <uninitialized>true</uninitialized>
         <run_address>0xd00</run_address>
         <size>0x1</size>
         <input_file_ref idref="fl-6"/>
      </object_component>
      <object_component id="oc-91">
         <name>EmuBModeVar</name>
         <uninitialized>true</uninitialized>
         <run_address>0xd01</run_address>
         <size>0x1</size>
         <input_file_ref idref="fl-6"/>
      </object_component>
      <object_component id="oc-a7">
         <name>AdcaResultFile</name>
         <uninitialized>true</uninitialized>
         <run_address>0xb00</run_address>
         <size>0x18</size>
         <input_file_ref idref="fl-6"/>
      </object_component>
      <object_component id="oc-a8">
         <name>AdcbResultFile</name>
         <uninitialized>true</uninitialized>
         <run_address>0xb20</run_address>
         <size>0x18</size>
         <input_file_ref idref="fl-6"/>
      </object_component>
      <object_component id="oc-a9">
         <name>AdccResultFile</name>
         <uninitialized>true</uninitialized>
         <run_address>0xb40</run_address>
         <size>0x18</size>
         <input_file_ref idref="fl-6"/>
      </object_component>
      <object_component id="oc-aa">
         <name>AdcdResultFile</name>
         <uninitialized>true</uninitialized>
         <run_address>0xb60</run_address>
         <size>0x18</size>
         <input_file_ref idref="fl-6"/>
      </object_component>
      <object_component id="oc-d8">
         <name>AdcaRegsFile</name>
         <uninitialized>true</uninitialized>
         <run_address>0x7400</run_address>
         <size>0x80</size>
         <input_file_ref idref="fl-6"/>
      </object_component>
      <object_component id="oc-d9">
         <name>AdcbRegsFile</name>
         <uninitialized>true</uninitialized>
         <run_address>0x7480</run_address>
         <size>0x80</size>
         <input_file_ref idref="fl-6"/>
      </object_component>
      <object_component id="oc-da">
         <name>AdccRegsFile</name>
         <uninitialized>true</uninitialized>
         <run_address>0x7500</run_address>
         <size>0x80</size>
         <input_file_ref idref="fl-6"/>
      </object_component>
      <object_component id="oc-db">
         <name>AdcdRegsFile</name>
         <uninitialized>true</uninitialized>
         <run_address>0x7580</run_address>
         <size>0x80</size>
         <input_file_ref idref="fl-6"/>
      </object_component>
      <object_component id="oc-d4">
         <name>AnalogSubsysRegsFile</name>
         <uninitialized>true</uninitialized>
         <run_address>0x5d180</run_address>
         <size>0x48</size>
         <input_file_ref idref="fl-6"/>
      </object_component>
      <object_component id="oc-cf">
         <name>Cla1RegsFile</name>
         <uninitialized>true</uninitialized>
         <run_address>0x1400</run_address>
         <size>0x3e</size>
         <input_file_ref idref="fl-6"/>
      </object_component>
      <object_component id="oc-95">
         <name>Cla1SoftIntRegsFile</name>
         <uninitialized>true</uninitialized>
         <run_address>0xce0</run_address>
         <size>0x4</size>
         <input_file_ref idref="fl-6"/>
      </object_component>
      <object_component id="oc-ad">
         <name>Cmpss1RegsFile</name>
         <uninitialized>true</uninitialized>
         <run_address>0x5c80</run_address>
         <size>0x20</size>
         <input_file_ref idref="fl-6"/>
      </object_component>
      <object_component id="oc-ae">
         <name>Cmpss2RegsFile</name>
         <uninitialized>true</uninitialized>
         <run_address>0x5ca0</run_address>
         <size>0x20</size>
         <input_file_ref idref="fl-6"/>
      </object_component>
      <object_component id="oc-af">
         <name>Cmpss3RegsFile</name>
         <uninitialized>true</uninitialized>
         <run_address>0x5cc0</run_address>
         <size>0x20</size>
         <input_file_ref idref="fl-6"/>
      </object_component>
      <object_component id="oc-b0">
         <name>Cmpss4RegsFile</name>
         <uninitialized>true</uninitialized>
         <run_address>0x5ce0</run_address>
         <size>0x20</size>
         <input_file_ref idref="fl-6"/>
      </object_component>
      <object_component id="oc-b1">
         <name>Cmpss5RegsFile</name>
         <uninitialized>true</uninitialized>
         <run_address>0x5d00</run_address>
         <size>0x20</size>
         <input_file_ref idref="fl-6"/>
      </object_component>
      <object_component id="oc-b2">
         <name>Cmpss6RegsFile</name>
         <uninitialized>true</uninitialized>
         <run_address>0x5d20</run_address>
         <size>0x20</size>
         <input_file_ref idref="fl-6"/>
      </object_component>
      <object_component id="oc-b3">
         <name>Cmpss7RegsFile</name>
         <uninitialized>true</uninitialized>
         <run_address>0x5d40</run_address>
         <size>0x20</size>
         <input_file_ref idref="fl-6"/>
      </object_component>
      <object_component id="oc-b4">
         <name>Cmpss8RegsFile</name>
         <uninitialized>true</uninitialized>
         <run_address>0x5d60</run_address>
         <size>0x20</size>
         <input_file_ref idref="fl-6"/>
      </object_component>
      <object_component id="oc-9b">
         <name>CpuTimer0RegsFile</name>
         <uninitialized>true</uninitialized>
         <run_address>0xc00</run_address>
         <size>0x8</size>
         <input_file_ref idref="fl-6"/>
      </object_component>
      <object_component id="oc-9c">
         <name>CpuTimer1RegsFile</name>
         <uninitialized>true</uninitialized>
         <run_address>0xc08</run_address>
         <size>0x8</size>
         <input_file_ref idref="fl-6"/>
      </object_component>
      <object_component id="oc-9d">
         <name>CpuTimer2RegsFile</name>
         <uninitialized>true</uninitialized>
         <run_address>0xc10</run_address>
         <size>0x8</size>
         <input_file_ref idref="fl-6"/>
      </object_component>
      <object_component id="oc-98">
         <name>DacaRegsFile</name>
         <uninitialized>true</uninitialized>
         <run_address>0x5c00</run_address>
         <size>0x8</size>
         <input_file_ref idref="fl-6"/>
      </object_component>
      <object_component id="oc-99">
         <name>DacbRegsFile</name>
         <uninitialized>true</uninitialized>
         <run_address>0x5c10</run_address>
         <size>0x8</size>
         <input_file_ref idref="fl-6"/>
      </object_component>
      <object_component id="oc-9a">
         <name>DaccRegsFile</name>
         <uninitialized>true</uninitialized>
         <run_address>0x5c20</run_address>
         <size>0x8</size>
         <input_file_ref idref="fl-6"/>
      </object_component>
      <object_component id="oc-c6">
         <name>DcsmZ1RegsFile</name>
         <uninitialized>true</uninitialized>
         <run_address>0x5f000</run_address>
         <size>0x24</size>
         <input_file_ref idref="fl-6"/>
      </object_component>
      <object_component id="oc-c7">
         <name>DcsmZ2RegsFile</name>
         <uninitialized>true</uninitialized>
         <run_address>0x5f040</run_address>
         <size>0x24</size>
         <input_file_ref idref="fl-6"/>
      </object_component>
      <object_component id="oc-9e">
         <name>DcsmCommonRegsFile</name>
         <uninitialized>true</uninitialized>
         <run_address>0x5f070</run_address>
         <size>0x8</size>
         <input_file_ref idref="fl-6"/>
      </object_component>
      <object_component id="oc-b5">
         <name>DcsmZ1OtpFile</name>
         <uninitialized>true</uninitialized>
         <run_address>0x78000</run_address>
         <size>0x20</size>
         <input_file_ref idref="fl-6"/>
      </object_component>
      <object_component id="oc-b6">
         <name>DcsmZ2OtpFile</name>
         <uninitialized>true</uninitialized>
         <run_address>0x78200</run_address>
         <size>0x20</size>
         <input_file_ref idref="fl-6"/>
      </object_component>
      <object_component id="oc-e0">
         <name>DmaRegsFile</name>
         <uninitialized>true</uninitialized>
         <run_address>0x1000</run_address>
         <size>0xe0</size>
         <input_file_ref idref="fl-6"/>
      </object_component>
      <object_component id="oc-ab">
         <name>DmaClaSrcSelRegsFile</name>
         <uninitialized>true</uninitialized>
         <run_address>0x7980</run_address>
         <size>0x1a</size>
         <input_file_ref idref="fl-6"/>
      </object_component>
      <object_component id="oc-b7">
         <name>ECap1RegsFile</name>
         <uninitialized>true</uninitialized>
         <run_address>0x5000</run_address>
         <size>0x20</size>
         <input_file_ref idref="fl-6"/>
      </object_component>
      <object_component id="oc-b8">
         <name>ECap2RegsFile</name>
         <uninitialized>true</uninitialized>
         <run_address>0x5020</run_address>
         <size>0x20</size>
         <input_file_ref idref="fl-6"/>
      </object_component>
      <object_component id="oc-b9">
         <name>ECap3RegsFile</name>
         <uninitialized>true</uninitialized>
         <run_address>0x5040</run_address>
         <size>0x20</size>
         <input_file_ref idref="fl-6"/>
      </object_component>
      <object_component id="oc-ba">
         <name>ECap4RegsFile</name>
         <uninitialized>true</uninitialized>
         <run_address>0x5060</run_address>
         <size>0x20</size>
         <input_file_ref idref="fl-6"/>
      </object_component>
      <object_component id="oc-bb">
         <name>ECap5RegsFile</name>
         <uninitialized>true</uninitialized>
         <run_address>0x5080</run_address>
         <size>0x20</size>
         <input_file_ref idref="fl-6"/>
      </object_component>
      <object_component id="oc-bc">
         <name>ECap6RegsFile</name>
         <uninitialized>true</uninitialized>
         <run_address>0x50a0</run_address>
         <size>0x20</size>
         <input_file_ref idref="fl-6"/>
      </object_component>
      <object_component id="oc-d6">
         <name>Emif1RegsFile</name>
         <uninitialized>true</uninitialized>
         <run_address>0x47000</run_address>
         <size>0x70</size>
         <input_file_ref idref="fl-6"/>
      </object_component>
      <object_component id="oc-d7">
         <name>Emif2RegsFile</name>
         <uninitialized>true</uninitialized>
         <run_address>0x47800</run_address>
         <size>0x70</size>
         <input_file_ref idref="fl-6"/>
      </object_component>
      <object_component id="oc-e1">
         <name>EPwm1RegsFile</name>
         <uninitialized>true</uninitialized>
         <run_address>0x4000</run_address>
         <size>0x100</size>
         <input_file_ref idref="fl-6"/>
      </object_component>
      <object_component id="oc-e2">
         <name>EPwm2RegsFile</name>
         <uninitialized>true</uninitialized>
         <run_address>0x4100</run_address>
         <size>0x100</size>
         <input_file_ref idref="fl-6"/>
      </object_component>
      <object_component id="oc-e3">
         <name>EPwm3RegsFile</name>
         <uninitialized>true</uninitialized>
         <run_address>0x4200</run_address>
         <size>0x100</size>
         <input_file_ref idref="fl-6"/>
      </object_component>
      <object_component id="oc-e4">
         <name>EPwm4RegsFile</name>
         <uninitialized>true</uninitialized>
         <run_address>0x4300</run_address>
         <size>0x100</size>
         <input_file_ref idref="fl-6"/>
      </object_component>
      <object_component id="oc-e5">
         <name>EPwm5RegsFile</name>
         <uninitialized>true</uninitialized>
         <run_address>0x4400</run_address>
         <size>0x100</size>
         <input_file_ref idref="fl-6"/>
      </object_component>
      <object_component id="oc-e6">
         <name>EPwm6RegsFile</name>
         <uninitialized>true</uninitialized>
         <run_address>0x4500</run_address>
         <size>0x100</size>
         <input_file_ref idref="fl-6"/>
      </object_component>
      <object_component id="oc-e7">
         <name>EPwm7RegsFile</name>
         <uninitialized>true</uninitialized>
         <run_address>0x4600</run_address>
         <size>0x100</size>
         <input_file_ref idref="fl-6"/>
      </object_component>
      <object_component id="oc-e8">
         <name>EPwm8RegsFile</name>
         <uninitialized>true</uninitialized>
         <run_address>0x4700</run_address>
         <size>0x100</size>
         <input_file_ref idref="fl-6"/>
      </object_component>
      <object_component id="oc-e9">
         <name>EPwm9RegsFile</name>
         <uninitialized>true</uninitialized>
         <run_address>0x4800</run_address>
         <size>0x100</size>
         <input_file_ref idref="fl-6"/>
      </object_component>
      <object_component id="oc-ea">
         <name>EPwm10RegsFile</name>
         <uninitialized>true</uninitialized>
         <run_address>0x4900</run_address>
         <size>0x100</size>
         <input_file_ref idref="fl-6"/>
      </object_component>
      <object_component id="oc-eb">
         <name>EPwm11RegsFile</name>
         <uninitialized>true</uninitialized>
         <run_address>0x4a00</run_address>
         <size>0x100</size>
         <input_file_ref idref="fl-6"/>
      </object_component>
      <object_component id="oc-ec">
         <name>EPwm12RegsFile</name>
         <uninitialized>true</uninitialized>
         <run_address>0x4b00</run_address>
         <size>0x100</size>
         <input_file_ref idref="fl-6"/>
      </object_component>
      <object_component id="oc-d0">
         <name>EPwmXbarRegsFile</name>
         <uninitialized>true</uninitialized>
         <run_address>0x7a00</run_address>
         <size>0x40</size>
         <input_file_ref idref="fl-6"/>
      </object_component>
      <object_component id="oc-c1">
         <name>EQep1RegsFile</name>
         <uninitialized>true</uninitialized>
         <run_address>0x5100</run_address>
         <size>0x22</size>
         <input_file_ref idref="fl-6"/>
      </object_component>
      <object_component id="oc-c2">
         <name>EQep2RegsFile</name>
         <uninitialized>true</uninitialized>
         <run_address>0x5140</run_address>
         <size>0x22</size>
         <input_file_ref idref="fl-6"/>
      </object_component>
      <object_component id="oc-c3">
         <name>EQep3RegsFile</name>
         <uninitialized>true</uninitialized>
         <run_address>0x5180</run_address>
         <size>0x22</size>
         <input_file_ref idref="fl-6"/>
      </object_component>
      <object_component id="oc-ef">
         <name>Flash0CtrlRegsFile</name>
         <uninitialized>true</uninitialized>
         <run_address>0x5f800</run_address>
         <size>0x182</size>
         <input_file_ref idref="fl-6"/>
      </object_component>
      <object_component id="oc-ca">
         <name>Flash0EccRegsFile</name>
         <uninitialized>true</uninitialized>
         <run_address>0x5fb00</run_address>
         <size>0x28</size>
         <input_file_ref idref="fl-6"/>
      </object_component>
      <object_component id="oc-f0">
         <name>Flash1CtrlRegsFile</name>
         <uninitialized>true</uninitialized>
         <run_address>0x5fc00</run_address>
         <size>0x182</size>
         <input_file_ref idref="fl-6"/>
      </object_component>
      <object_component id="oc-cb">
         <name>Flash1EccRegsFile</name>
         <uninitialized>true</uninitialized>
         <run_address>0x5ff00</run_address>
         <size>0x28</size>
         <input_file_ref idref="fl-6"/>
      </object_component>
      <object_component id="oc-ee">
         <name>GpioCtrlRegsFile</name>
         <uninitialized>true</uninitialized>
         <run_address>0x7c00</run_address>
         <size>0x180</size>
         <input_file_ref idref="fl-6"/>
      </object_component>
      <object_component id="oc-cd">
         <name>GpioDataRegsFile</name>
         <uninitialized>true</uninitialized>
         <run_address>0x7f00</run_address>
         <size>0x30</size>
         <input_file_ref idref="fl-6"/>
      </object_component>
      <object_component id="oc-d1">
         <name>OutputXbarRegsFile</name>
         <uninitialized>true</uninitialized>
         <run_address>0x7a80</run_address>
         <size>0x40</size>
         <input_file_ref idref="fl-6"/>
      </object_component>
      <object_component id="oc-c4">
         <name>I2caRegsFile</name>
         <uninitialized>true</uninitialized>
         <run_address>0x7300</run_address>
         <size>0x22</size>
         <input_file_ref idref="fl-6"/>
      </object_component>
      <object_component id="oc-c5">
         <name>I2cbRegsFile</name>
         <uninitialized>true</uninitialized>
         <run_address>0x7340</run_address>
         <size>0x22</size>
         <input_file_ref idref="fl-6"/>
      </object_component>
      <object_component id="oc-bd">
         <name>InputXbarRegsFile</name>
         <uninitialized>true</uninitialized>
         <run_address>0x7900</run_address>
         <size>0x20</size>
         <input_file_ref idref="fl-6"/>
      </object_component>
      <object_component id="oc-be">
         <name>XbarRegsFile</name>
         <uninitialized>true</uninitialized>
         <run_address>0x7920</run_address>
         <size>0x20</size>
         <input_file_ref idref="fl-6"/>
      </object_component>
      <object_component id="oc-92">
         <name>FlashPumpSemaphoreRegsFile</name>
         <uninitialized>true</uninitialized>
         <run_address>0x50024</run_address>
         <size>0x2</size>
         <input_file_ref idref="fl-6"/>
      </object_component>
      <object_component id="oc-93">
         <name>RomPrefetchRegsFile</name>
         <uninitialized>true</uninitialized>
         <run_address>0x5e608</run_address>
         <size>0x2</size>
         <input_file_ref idref="fl-6"/>
      </object_component>
      <object_component id="oc-dc">
         <name>MemCfgRegsFile</name>
         <uninitialized>true</uninitialized>
         <run_address>0x5f400</run_address>
         <size>0x80</size>
         <input_file_ref idref="fl-6"/>
      </object_component>
      <object_component id="oc-bf">
         <name>Emif1ConfigRegsFile</name>
         <uninitialized>true</uninitialized>
         <run_address>0x5f480</run_address>
         <size>0x20</size>
         <input_file_ref idref="fl-6"/>
      </object_component>
      <object_component id="oc-c0">
         <name>Emif2ConfigRegsFile</name>
         <uninitialized>true</uninitialized>
         <run_address>0x5f4a0</run_address>
         <size>0x20</size>
         <input_file_ref idref="fl-6"/>
      </object_component>
      <object_component id="oc-d2">
         <name>AccessProtectionRegsFile</name>
         <uninitialized>true</uninitialized>
         <run_address>0x5f4c0</run_address>
         <size>0x40</size>
         <input_file_ref idref="fl-6"/>
      </object_component>
      <object_component id="oc-d3">
         <name>MemoryErrorRegsFile</name>
         <uninitialized>true</uninitialized>
         <run_address>0x5f500</run_address>
         <size>0x40</size>
         <input_file_ref idref="fl-6"/>
      </object_component>
      <object_component id="oc-94">
         <name>RomWaitStateRegsFile</name>
         <uninitialized>true</uninitialized>
         <run_address>0x5f540</run_address>
         <size>0x2</size>
         <input_file_ref idref="fl-6"/>
      </object_component>
      <object_component id="oc-c8">
         <name>McbspaRegsFile</name>
         <uninitialized>true</uninitialized>
         <run_address>0x6000</run_address>
         <size>0x24</size>
         <input_file_ref idref="fl-6"/>
      </object_component>
      <object_component id="oc-c9">
         <name>McbspbRegsFile</name>
         <uninitialized>true</uninitialized>
         <run_address>0x6040</run_address>
         <size>0x24</size>
         <input_file_ref idref="fl-6"/>
      </object_component>
      <object_component id="oc-d5">
         <name>UppRegsFile</name>
         <uninitialized>true</uninitialized>
         <run_address>0x6200</run_address>
         <size>0x48</size>
         <input_file_ref idref="fl-6"/>
      </object_component>
      <object_component id="oc-97">
         <name>NmiIntruptRegsFile</name>
         <uninitialized>true</uninitialized>
         <run_address>0x7060</run_address>
         <size>0x7</size>
         <input_file_ref idref="fl-6"/>
      </object_component>
      <object_component id="oc-ac">
         <name>PieCtrlRegsFile</name>
         <uninitialized>true</uninitialized>
         <run_address>0xce0</run_address>
         <size>0x1a</size>
         <input_file_ref idref="fl-6"/>
      </object_component>
      <object_component id="oc-a0">
         <name>SciaRegsFile</name>
         <uninitialized>true</uninitialized>
         <run_address>0x7200</run_address>
         <size>0x10</size>
         <input_file_ref idref="fl-6"/>
      </object_component>
      <object_component id="oc-a1">
         <name>ScibRegsFile</name>
         <uninitialized>true</uninitialized>
         <run_address>0x7210</run_address>
         <size>0x10</size>
         <input_file_ref idref="fl-6"/>
      </object_component>
      <object_component id="oc-a2">
         <name>ScicRegsFile</name>
         <uninitialized>true</uninitialized>
         <run_address>0x7220</run_address>
         <size>0x10</size>
         <input_file_ref idref="fl-6"/>
      </object_component>
      <object_component id="oc-a3">
         <name>ScidRegsFile</name>
         <uninitialized>true</uninitialized>
         <run_address>0x7230</run_address>
         <size>0x10</size>
         <input_file_ref idref="fl-6"/>
      </object_component>
      <object_component id="oc-dd">
         <name>Sdfm1RegsFile</name>
         <uninitialized>true</uninitialized>
         <run_address>0x5e00</run_address>
         <size>0x80</size>
         <input_file_ref idref="fl-6"/>
      </object_component>
      <object_component id="oc-de">
         <name>Sdfm2RegsFile</name>
         <uninitialized>true</uninitialized>
         <run_address>0x5e80</run_address>
         <size>0x80</size>
         <input_file_ref idref="fl-6"/>
      </object_component>
      <object_component id="oc-a4">
         <name>SpiaRegsFile</name>
         <uninitialized>true</uninitialized>
         <run_address>0x6100</run_address>
         <size>0x10</size>
         <input_file_ref idref="fl-6"/>
      </object_component>
      <object_component id="oc-a5">
         <name>SpibRegsFile</name>
         <uninitialized>true</uninitialized>
         <run_address>0x6110</run_address>
         <size>0x10</size>
         <input_file_ref idref="fl-6"/>
      </object_component>
      <object_component id="oc-a6">
         <name>SpicRegsFile</name>
         <uninitialized>true</uninitialized>
         <run_address>0x6120</run_address>
         <size>0x10</size>
         <input_file_ref idref="fl-6"/>
      </object_component>
      <object_component id="oc-ed">
         <name>DevCfgRegsFile</name>
         <uninitialized>true</uninitialized>
         <run_address>0x5d000</run_address>
         <size>0x12e</size>
         <input_file_ref idref="fl-6"/>
      </object_component>
      <object_component id="oc-ce">
         <name>ClkCfgRegsFile</name>
         <uninitialized>true</uninitialized>
         <run_address>0x5d200</run_address>
         <size>0x32</size>
         <input_file_ref idref="fl-6"/>
      </object_component>
      <object_component id="oc-df">
         <name>CpuSysRegsFile</name>
         <uninitialized>true</uninitialized>
         <run_address>0x5d300</run_address>
         <size>0x82</size>
         <input_file_ref idref="fl-6"/>
      </object_component>
      <object_component id="oc-96">
         <name>SyncSocRegsFile</name>
         <uninitialized>true</uninitialized>
         <run_address>0x7940</run_address>
         <size>0x6</size>
         <input_file_ref idref="fl-6"/>
      </object_component>
      <object_component id="oc-cc">
         <name>WdRegsFile</name>
         <uninitialized>true</uninitialized>
         <run_address>0x7000</run_address>
         <size>0x2b</size>
         <input_file_ref idref="fl-6"/>
      </object_component>
      <object_component id="oc-9f">
         <name>XintRegsFile</name>
         <uninitialized>true</uninitialized>
         <run_address>0x7070</run_address>
         <size>0xb</size>
         <input_file_ref idref="fl-6"/>
      </object_component>
      <object_component id="oc-79">
         <name>.debug_info</name>
         <load_address>0x0</load_address>
         <run_address>0x0</run_address>
         <size>0xc7e</size>
         <input_file_ref idref="fl-2"/>
      </object_component>
      <object_component id="oc-7e">
         <name>.debug_info</name>
         <load_address>0xc7e</load_address>
         <run_address>0xc7e</run_address>
         <size>0x494d</size>
         <input_file_ref idref="fl-3"/>
      </object_component>
      <object_component id="oc-86">
         <name>.debug_info</name>
         <load_address>0x55cb</load_address>
         <run_address>0x55cb</run_address>
         <size>0x1ee</size>
         <input_file_ref idref="fl-4"/>
      </object_component>
      <object_component id="oc-89">
         <name>.debug_info</name>
         <load_address>0x57b9</load_address>
         <run_address>0x57b9</run_address>
         <size>0x7dbf</size>
         <input_file_ref idref="fl-5"/>
      </object_component>
      <object_component id="oc-8f">
         <name>.debug_info</name>
         <load_address>0xd578</load_address>
         <run_address>0xd578</run_address>
         <size>0x4b0e8</size>
         <input_file_ref idref="fl-6"/>
      </object_component>
      <object_component id="oc-f3">
         <name>.debug_info</name>
         <load_address>0x58660</load_address>
         <run_address>0x58660</run_address>
         <size>0x19079</size>
         <input_file_ref idref="fl-7"/>
      </object_component>
      <object_component id="oc-f8">
         <name>.debug_info</name>
         <load_address>0x716d9</load_address>
         <run_address>0x716d9</run_address>
         <size>0x3696</size>
         <input_file_ref idref="fl-8"/>
      </object_component>
      <object_component id="oc-fd">
         <name>.debug_info</name>
         <load_address>0x74d6f</load_address>
         <run_address>0x74d6f</run_address>
         <size>0x67d7</size>
         <input_file_ref idref="fl-9"/>
      </object_component>
      <object_component id="oc-102">
         <name>.debug_info</name>
         <load_address>0x7b546</load_address>
         <run_address>0x7b546</run_address>
         <size>0x8d14</size>
         <input_file_ref idref="fl-a"/>
      </object_component>
      <object_component id="oc-107">
         <name>.debug_info</name>
         <load_address>0x8425a</load_address>
         <run_address>0x8425a</run_address>
         <size>0x1ff2</size>
         <input_file_ref idref="fl-b"/>
      </object_component>
      <object_component id="oc-10e">
         <name>.debug_info</name>
         <load_address>0x8624c</load_address>
         <run_address>0x8624c</run_address>
         <size>0x176</size>
         <input_file_ref idref="fl-c"/>
      </object_component>
      <object_component id="oc-111">
         <name>.debug_info</name>
         <load_address>0x863c2</load_address>
         <run_address>0x863c2</run_address>
         <size>0x2195e</size>
         <input_file_ref idref="fl-d"/>
      </object_component>
      <object_component id="oc-119">
         <name>.debug_info</name>
         <load_address>0xa7d20</load_address>
         <run_address>0xa7d20</run_address>
         <size>0x1c2df</size>
         <input_file_ref idref="fl-e"/>
      </object_component>
      <object_component id="oc-11e">
         <name>.debug_info</name>
         <load_address>0xc3fff</load_address>
         <run_address>0xc3fff</run_address>
         <size>0x970f</size>
         <input_file_ref idref="fl-f"/>
      </object_component>
      <object_component id="oc-123">
         <name>.debug_info</name>
         <load_address>0xcd70e</load_address>
         <run_address>0xcd70e</run_address>
         <size>0x970f</size>
         <input_file_ref idref="fl-10"/>
      </object_component>
      <object_component id="oc-128">
         <name>.debug_info</name>
         <load_address>0xd6e1d</load_address>
         <run_address>0xd6e1d</run_address>
         <size>0x681</size>
         <input_file_ref idref="fl-11"/>
      </object_component>
      <object_component id="oc-12d">
         <name>.debug_info</name>
         <load_address>0xd749e</load_address>
         <run_address>0xd749e</run_address>
         <size>0x5c5</size>
         <input_file_ref idref="fl-24"/>
      </object_component>
      <object_component id="oc-133">
         <name>.debug_info</name>
         <load_address>0xd7a63</load_address>
         <run_address>0xd7a63</run_address>
         <size>0x439</size>
         <input_file_ref idref="fl-25"/>
      </object_component>
      <object_component id="oc-13b">
         <name>.debug_info</name>
         <load_address>0xd7e9c</load_address>
         <run_address>0xd7e9c</run_address>
         <size>0x173</size>
         <input_file_ref idref="fl-26"/>
      </object_component>
      <object_component id="oc-140">
         <name>.debug_info</name>
         <load_address>0xd800f</load_address>
         <run_address>0xd800f</run_address>
         <size>0x114</size>
         <input_file_ref idref="fl-27"/>
      </object_component>
      <object_component id="oc-144">
         <name>.debug_info</name>
         <load_address>0xd8123</load_address>
         <run_address>0xd8123</run_address>
         <size>0x561</size>
         <input_file_ref idref="fl-28"/>
      </object_component>
      <object_component id="oc-149">
         <name>.debug_info</name>
         <load_address>0xd8684</load_address>
         <run_address>0xd8684</run_address>
         <size>0x43a</size>
         <input_file_ref idref="fl-29"/>
      </object_component>
      <object_component id="oc-14e">
         <name>.debug_info</name>
         <load_address>0xd8abe</load_address>
         <run_address>0xd8abe</run_address>
         <size>0x3ad</size>
         <input_file_ref idref="fl-2a"/>
      </object_component>
      <object_component id="oc-153">
         <name>.debug_info</name>
         <load_address>0xd8e6b</load_address>
         <run_address>0xd8e6b</run_address>
         <size>0x3aa</size>
         <input_file_ref idref="fl-2b"/>
      </object_component>
      <object_component id="oc-158">
         <name>.debug_info</name>
         <load_address>0xd9215</load_address>
         <run_address>0xd9215</run_address>
         <size>0x544</size>
         <input_file_ref idref="fl-2c"/>
      </object_component>
      <object_component id="oc-15f">
         <name>.debug_info</name>
         <load_address>0xd9759</load_address>
         <run_address>0xd9759</run_address>
         <size>0x4cc</size>
         <input_file_ref idref="fl-2d"/>
      </object_component>
      <object_component id="oc-164">
         <name>.debug_info</name>
         <load_address>0xd9c25</load_address>
         <run_address>0xd9c25</run_address>
         <size>0x467</size>
         <input_file_ref idref="fl-2e"/>
      </object_component>
      <object_component id="oc-169">
         <name>.debug_info</name>
         <load_address>0xda08c</load_address>
         <run_address>0xda08c</run_address>
         <size>0x1c6</size>
         <input_file_ref idref="fl-2f"/>
      </object_component>
      <object_component id="oc-210">
         <name>.debug_info</name>
         <load_address>0xda252</load_address>
         <run_address>0xda252</run_address>
         <size>0xad</size>
      </object_component>
      <object_component id="oc-7a">
         <name>.debug_frame</name>
         <load_address>0x0</load_address>
         <run_address>0x0</run_address>
         <size>0x28</size>
         <input_file_ref idref="fl-2"/>
      </object_component>
      <object_component id="oc-7f">
         <name>.debug_frame</name>
         <load_address>0x28</load_address>
         <run_address>0x28</run_address>
         <size>0x60</size>
         <input_file_ref idref="fl-3"/>
      </object_component>
      <object_component id="oc-8b">
         <name>.debug_frame</name>
         <load_address>0x88</load_address>
         <run_address>0x88</run_address>
         <size>0x11d0</size>
         <input_file_ref idref="fl-5"/>
      </object_component>
      <object_component id="oc-f4">
         <name>.debug_frame</name>
         <load_address>0x1258</load_address>
         <run_address>0x1258</run_address>
         <size>0x1a8</size>
         <input_file_ref idref="fl-7"/>
      </object_component>
      <object_component id="oc-f9">
         <name>.debug_frame</name>
         <load_address>0x1400</load_address>
         <run_address>0x1400</run_address>
         <size>0x58</size>
         <input_file_ref idref="fl-8"/>
      </object_component>
      <object_component id="oc-fe">
         <name>.debug_frame</name>
         <load_address>0x1458</load_address>
         <run_address>0x1458</run_address>
         <size>0x44</size>
         <input_file_ref idref="fl-9"/>
      </object_component>
      <object_component id="oc-103">
         <name>.debug_frame</name>
         <load_address>0x149c</load_address>
         <run_address>0x149c</run_address>
         <size>0x1e4</size>
         <input_file_ref idref="fl-a"/>
      </object_component>
      <object_component id="oc-108">
         <name>.debug_frame</name>
         <load_address>0x1680</load_address>
         <run_address>0x1680</run_address>
         <size>0x28</size>
         <input_file_ref idref="fl-b"/>
      </object_component>
      <object_component id="oc-115">
         <name>.debug_frame</name>
         <load_address>0x16a8</load_address>
         <run_address>0x16a8</run_address>
         <size>0x424</size>
         <input_file_ref idref="fl-d"/>
      </object_component>
      <object_component id="oc-11a">
         <name>.debug_frame</name>
         <load_address>0x1acc</load_address>
         <run_address>0x1acc</run_address>
         <size>0x10c</size>
         <input_file_ref idref="fl-e"/>
      </object_component>
      <object_component id="oc-11f">
         <name>.debug_frame</name>
         <load_address>0x1bd8</load_address>
         <run_address>0x1bd8</run_address>
         <size>0x28</size>
         <input_file_ref idref="fl-f"/>
      </object_component>
      <object_component id="oc-124">
         <name>.debug_frame</name>
         <load_address>0x1c00</load_address>
         <run_address>0x1c00</run_address>
         <size>0x28</size>
         <input_file_ref idref="fl-10"/>
      </object_component>
      <object_component id="oc-129">
         <name>.debug_frame</name>
         <load_address>0x1c28</load_address>
         <run_address>0x1c28</run_address>
         <size>0x60</size>
         <input_file_ref idref="fl-11"/>
      </object_component>
      <object_component id="oc-12f">
         <name>.debug_frame</name>
         <load_address>0x1c88</load_address>
         <run_address>0x1c88</run_address>
         <size>0x78</size>
         <input_file_ref idref="fl-24"/>
      </object_component>
      <object_component id="oc-135">
         <name>.debug_frame</name>
         <load_address>0x1d00</load_address>
         <run_address>0x1d00</run_address>
         <size>0x44</size>
         <input_file_ref idref="fl-25"/>
      </object_component>
      <object_component id="oc-145">
         <name>.debug_frame</name>
         <load_address>0x1d44</load_address>
         <run_address>0x1d44</run_address>
         <size>0x60</size>
         <input_file_ref idref="fl-28"/>
      </object_component>
      <object_component id="oc-14a">
         <name>.debug_frame</name>
         <load_address>0x1da4</load_address>
         <run_address>0x1da4</run_address>
         <size>0x40</size>
         <input_file_ref idref="fl-29"/>
      </object_component>
      <object_component id="oc-14f">
         <name>.debug_frame</name>
         <load_address>0x1de4</load_address>
         <run_address>0x1de4</run_address>
         <size>0x40</size>
         <input_file_ref idref="fl-2a"/>
      </object_component>
      <object_component id="oc-154">
         <name>.debug_frame</name>
         <load_address>0x1e24</load_address>
         <run_address>0x1e24</run_address>
         <size>0x40</size>
         <input_file_ref idref="fl-2b"/>
      </object_component>
      <object_component id="oc-15b">
         <name>.debug_frame</name>
         <load_address>0x1e64</load_address>
         <run_address>0x1e64</run_address>
         <size>0x60</size>
         <input_file_ref idref="fl-2c"/>
      </object_component>
      <object_component id="oc-160">
         <name>.debug_frame</name>
         <load_address>0x1ec4</load_address>
         <run_address>0x1ec4</run_address>
         <size>0x70</size>
         <input_file_ref idref="fl-2d"/>
      </object_component>
      <object_component id="oc-165">
         <name>.debug_frame</name>
         <load_address>0x1f34</load_address>
         <run_address>0x1f34</run_address>
         <size>0x40</size>
         <input_file_ref idref="fl-2e"/>
      </object_component>
      <object_component id="oc-7b">
         <name>.debug_line</name>
         <load_address>0x0</load_address>
         <run_address>0x0</run_address>
         <size>0x31</size>
         <input_file_ref idref="fl-2"/>
      </object_component>
      <object_component id="oc-80">
         <name>.debug_line</name>
         <load_address>0x31</load_address>
         <run_address>0x31</run_address>
         <size>0x11f</size>
         <input_file_ref idref="fl-3"/>
      </object_component>
      <object_component id="oc-85">
         <name>.debug_line</name>
         <load_address>0x150</load_address>
         <run_address>0x150</run_address>
         <size>0xa2</size>
         <input_file_ref idref="fl-4"/>
      </object_component>
      <object_component id="oc-8c">
         <name>.debug_line</name>
         <load_address>0x1f2</load_address>
         <run_address>0x1f2</run_address>
         <size>0xd1b</size>
         <input_file_ref idref="fl-5"/>
      </object_component>
      <object_component id="oc-f5">
         <name>.debug_line</name>
         <load_address>0xf0d</load_address>
         <run_address>0xf0d</run_address>
         <size>0x27a</size>
         <input_file_ref idref="fl-7"/>
      </object_component>
      <object_component id="oc-fa">
         <name>.debug_line</name>
         <load_address>0x1187</load_address>
         <run_address>0x1187</run_address>
         <size>0xc7</size>
         <input_file_ref idref="fl-8"/>
      </object_component>
      <object_component id="oc-ff">
         <name>.debug_line</name>
         <load_address>0x124e</load_address>
         <run_address>0x124e</run_address>
         <size>0xab</size>
         <input_file_ref idref="fl-9"/>
      </object_component>
      <object_component id="oc-104">
         <name>.debug_line</name>
         <load_address>0x12f9</load_address>
         <run_address>0x12f9</run_address>
         <size>0x370</size>
         <input_file_ref idref="fl-a"/>
      </object_component>
      <object_component id="oc-109">
         <name>.debug_line</name>
         <load_address>0x1669</load_address>
         <run_address>0x1669</run_address>
         <size>0x7c</size>
         <input_file_ref idref="fl-b"/>
      </object_component>
      <object_component id="oc-10d">
         <name>.debug_line</name>
         <load_address>0x16e5</load_address>
         <run_address>0x16e5</run_address>
         <size>0x89</size>
         <input_file_ref idref="fl-c"/>
      </object_component>
      <object_component id="oc-116">
         <name>.debug_line</name>
         <load_address>0x176e</load_address>
         <run_address>0x176e</run_address>
         <size>0x748</size>
         <input_file_ref idref="fl-d"/>
      </object_component>
      <object_component id="oc-11b">
         <name>.debug_line</name>
         <load_address>0x1eb6</load_address>
         <run_address>0x1eb6</run_address>
         <size>0x1a9</size>
         <input_file_ref idref="fl-e"/>
      </object_component>
      <object_component id="oc-120">
         <name>.debug_line</name>
         <load_address>0x205f</load_address>
         <run_address>0x205f</run_address>
         <size>0x2d</size>
         <input_file_ref idref="fl-f"/>
      </object_component>
      <object_component id="oc-125">
         <name>.debug_line</name>
         <load_address>0x208c</load_address>
         <run_address>0x208c</run_address>
         <size>0x2d</size>
         <input_file_ref idref="fl-10"/>
      </object_component>
      <object_component id="oc-12a">
         <name>.debug_line</name>
         <load_address>0x20b9</load_address>
         <run_address>0x20b9</run_address>
         <size>0xad</size>
         <input_file_ref idref="fl-11"/>
      </object_component>
      <object_component id="oc-130">
         <name>.debug_line</name>
         <load_address>0x2166</load_address>
         <run_address>0x2166</run_address>
         <size>0xe6</size>
         <input_file_ref idref="fl-24"/>
      </object_component>
      <object_component id="oc-136">
         <name>.debug_line</name>
         <load_address>0x224c</load_address>
         <run_address>0x224c</run_address>
         <size>0x7e</size>
         <input_file_ref idref="fl-25"/>
      </object_component>
      <object_component id="oc-13c">
         <name>.debug_line</name>
         <load_address>0x22ca</load_address>
         <run_address>0x22ca</run_address>
         <size>0x7e</size>
         <input_file_ref idref="fl-26"/>
      </object_component>
      <object_component id="oc-141">
         <name>.debug_line</name>
         <load_address>0x2348</load_address>
         <run_address>0x2348</run_address>
         <size>0xad</size>
         <input_file_ref idref="fl-27"/>
      </object_component>
      <object_component id="oc-146">
         <name>.debug_line</name>
         <load_address>0x23f5</load_address>
         <run_address>0x23f5</run_address>
         <size>0x50</size>
         <input_file_ref idref="fl-28"/>
      </object_component>
      <object_component id="oc-14b">
         <name>.debug_line</name>
         <load_address>0x2445</load_address>
         <run_address>0x2445</run_address>
         <size>0x62</size>
         <input_file_ref idref="fl-29"/>
      </object_component>
      <object_component id="oc-150">
         <name>.debug_line</name>
         <load_address>0x24a7</load_address>
         <run_address>0x24a7</run_address>
         <size>0x3e</size>
         <input_file_ref idref="fl-2a"/>
      </object_component>
      <object_component id="oc-155">
         <name>.debug_line</name>
         <load_address>0x24e5</load_address>
         <run_address>0x24e5</run_address>
         <size>0x3a</size>
         <input_file_ref idref="fl-2b"/>
      </object_component>
      <object_component id="oc-15c">
         <name>.debug_line</name>
         <load_address>0x251f</load_address>
         <run_address>0x251f</run_address>
         <size>0x65</size>
         <input_file_ref idref="fl-2c"/>
      </object_component>
      <object_component id="oc-161">
         <name>.debug_line</name>
         <load_address>0x2584</load_address>
         <run_address>0x2584</run_address>
         <size>0x5e</size>
         <input_file_ref idref="fl-2d"/>
      </object_component>
      <object_component id="oc-166">
         <name>.debug_line</name>
         <load_address>0x25e2</load_address>
         <run_address>0x25e2</run_address>
         <size>0x4f</size>
         <input_file_ref idref="fl-2e"/>
      </object_component>
      <object_component id="oc-7c">
         <name>.debug_abbrev</name>
         <load_address>0x0</load_address>
         <run_address>0x0</run_address>
         <size>0x13f</size>
         <input_file_ref idref="fl-2"/>
      </object_component>
      <object_component id="oc-81">
         <name>.debug_abbrev</name>
         <load_address>0x13f</load_address>
         <run_address>0x13f</run_address>
         <size>0x115</size>
         <input_file_ref idref="fl-3"/>
      </object_component>
      <object_component id="oc-87">
         <name>.debug_abbrev</name>
         <load_address>0x254</load_address>
         <run_address>0x254</run_address>
         <size>0x21</size>
         <input_file_ref idref="fl-4"/>
      </object_component>
      <object_component id="oc-8d">
         <name>.debug_abbrev</name>
         <load_address>0x275</load_address>
         <run_address>0x275</run_address>
         <size>0xb6</size>
         <input_file_ref idref="fl-5"/>
      </object_component>
      <object_component id="oc-f2">
         <name>.debug_abbrev</name>
         <load_address>0x32b</load_address>
         <run_address>0x32b</run_address>
         <size>0xcb</size>
         <input_file_ref idref="fl-6"/>
      </object_component>
      <object_component id="oc-f6">
         <name>.debug_abbrev</name>
         <load_address>0x3f6</load_address>
         <run_address>0x3f6</run_address>
         <size>0x191</size>
         <input_file_ref idref="fl-7"/>
      </object_component>
      <object_component id="oc-fb">
         <name>.debug_abbrev</name>
         <load_address>0x587</load_address>
         <run_address>0x587</run_address>
         <size>0xc8</size>
         <input_file_ref idref="fl-8"/>
      </object_component>
      <object_component id="oc-100">
         <name>.debug_abbrev</name>
         <load_address>0x64f</load_address>
         <run_address>0x64f</run_address>
         <size>0x116</size>
         <input_file_ref idref="fl-9"/>
      </object_component>
      <object_component id="oc-105">
         <name>.debug_abbrev</name>
         <load_address>0x765</load_address>
         <run_address>0x765</run_address>
         <size>0x1cc</size>
         <input_file_ref idref="fl-a"/>
      </object_component>
      <object_component id="oc-10a">
         <name>.debug_abbrev</name>
         <load_address>0x931</load_address>
         <run_address>0x931</run_address>
         <size>0x178</size>
         <input_file_ref idref="fl-b"/>
      </object_component>
      <object_component id="oc-10f">
         <name>.debug_abbrev</name>
         <load_address>0xaa9</load_address>
         <run_address>0xaa9</run_address>
         <size>0x2f</size>
         <input_file_ref idref="fl-c"/>
      </object_component>
      <object_component id="oc-117">
         <name>.debug_abbrev</name>
         <load_address>0xad8</load_address>
         <run_address>0xad8</run_address>
         <size>0x267</size>
         <input_file_ref idref="fl-d"/>
      </object_component>
      <object_component id="oc-11c">
         <name>.debug_abbrev</name>
         <load_address>0xd3f</load_address>
         <run_address>0xd3f</run_address>
         <size>0x18d</size>
         <input_file_ref idref="fl-e"/>
      </object_component>
      <object_component id="oc-121">
         <name>.debug_abbrev</name>
         <load_address>0xecc</load_address>
         <run_address>0xecc</run_address>
         <size>0x13e</size>
         <input_file_ref idref="fl-f"/>
      </object_component>
      <object_component id="oc-126">
         <name>.debug_abbrev</name>
         <load_address>0x100a</load_address>
         <run_address>0x100a</run_address>
         <size>0x13e</size>
         <input_file_ref idref="fl-10"/>
      </object_component>
      <object_component id="oc-12b">
         <name>.debug_abbrev</name>
         <load_address>0x1148</load_address>
         <run_address>0x1148</run_address>
         <size>0xac</size>
         <input_file_ref idref="fl-11"/>
      </object_component>
      <object_component id="oc-131">
         <name>.debug_abbrev</name>
         <load_address>0x11f4</load_address>
         <run_address>0x11f4</run_address>
         <size>0xd1</size>
         <input_file_ref idref="fl-24"/>
      </object_component>
      <object_component id="oc-137">
         <name>.debug_abbrev</name>
         <load_address>0x12c5</load_address>
         <run_address>0x12c5</run_address>
         <size>0x9f</size>
         <input_file_ref idref="fl-25"/>
      </object_component>
      <object_component id="oc-13d">
         <name>.debug_abbrev</name>
         <load_address>0x1364</load_address>
         <run_address>0x1364</run_address>
         <size>0x46</size>
         <input_file_ref idref="fl-26"/>
      </object_component>
      <object_component id="oc-142">
         <name>.debug_abbrev</name>
         <load_address>0x13aa</load_address>
         <run_address>0x13aa</run_address>
         <size>0x38</size>
         <input_file_ref idref="fl-27"/>
      </object_component>
      <object_component id="oc-147">
         <name>.debug_abbrev</name>
         <load_address>0x13e2</load_address>
         <run_address>0x13e2</run_address>
         <size>0xe3</size>
         <input_file_ref idref="fl-28"/>
      </object_component>
      <object_component id="oc-14c">
         <name>.debug_abbrev</name>
         <load_address>0x14c5</load_address>
         <run_address>0x14c5</run_address>
         <size>0xa8</size>
         <input_file_ref idref="fl-29"/>
      </object_component>
      <object_component id="oc-151">
         <name>.debug_abbrev</name>
         <load_address>0x156d</load_address>
         <run_address>0x156d</run_address>
         <size>0x68</size>
         <input_file_ref idref="fl-2a"/>
      </object_component>
      <object_component id="oc-156">
         <name>.debug_abbrev</name>
         <load_address>0x15d5</load_address>
         <run_address>0x15d5</run_address>
         <size>0x66</size>
         <input_file_ref idref="fl-2b"/>
      </object_component>
      <object_component id="oc-15d">
         <name>.debug_abbrev</name>
         <load_address>0x163b</load_address>
         <run_address>0x163b</run_address>
         <size>0x130</size>
         <input_file_ref idref="fl-2c"/>
      </object_component>
      <object_component id="oc-162">
         <name>.debug_abbrev</name>
         <load_address>0x176b</load_address>
         <run_address>0x176b</run_address>
         <size>0xb2</size>
         <input_file_ref idref="fl-2d"/>
      </object_component>
      <object_component id="oc-167">
         <name>.debug_abbrev</name>
         <load_address>0x181d</load_address>
         <run_address>0x181d</run_address>
         <size>0xee</size>
         <input_file_ref idref="fl-2e"/>
      </object_component>
      <object_component id="oc-16c">
         <name>.debug_abbrev</name>
         <load_address>0x190b</load_address>
         <run_address>0x190b</run_address>
         <size>0x31</size>
         <input_file_ref idref="fl-2f"/>
      </object_component>
      <object_component id="oc-211">
         <name>.debug_abbrev</name>
         <load_address>0x193c</load_address>
         <run_address>0x193c</run_address>
         <size>0xf</size>
      </object_component>
      <object_component id="oc-7d">
         <name>.debug_aranges</name>
         <load_address>0x0</load_address>
         <run_address>0x0</run_address>
         <size>0x18</size>
         <input_file_ref idref="fl-2"/>
      </object_component>
      <object_component id="oc-82">
         <name>.debug_aranges</name>
         <load_address>0x18</load_address>
         <run_address>0x18</run_address>
         <size>0x28</size>
         <input_file_ref idref="fl-3"/>
      </object_component>
      <object_component id="oc-88">
         <name>.debug_aranges</name>
         <load_address>0x40</load_address>
         <run_address>0x40</run_address>
         <size>0x28</size>
         <input_file_ref idref="fl-4"/>
      </object_component>
      <object_component id="oc-8e">
         <name>.debug_aranges</name>
         <load_address>0x68</load_address>
         <run_address>0x68</run_address>
         <size>0x480</size>
         <input_file_ref idref="fl-5"/>
      </object_component>
      <object_component id="oc-f7">
         <name>.debug_aranges</name>
         <load_address>0x4e8</load_address>
         <run_address>0x4e8</run_address>
         <size>0x88</size>
         <input_file_ref idref="fl-7"/>
      </object_component>
      <object_component id="oc-fc">
         <name>.debug_aranges</name>
         <load_address>0x570</load_address>
         <run_address>0x570</run_address>
         <size>0x28</size>
         <input_file_ref idref="fl-8"/>
      </object_component>
      <object_component id="oc-101">
         <name>.debug_aranges</name>
         <load_address>0x598</load_address>
         <run_address>0x598</run_address>
         <size>0x20</size>
         <input_file_ref idref="fl-9"/>
      </object_component>
      <object_component id="oc-106">
         <name>.debug_aranges</name>
         <load_address>0x5b8</load_address>
         <run_address>0x5b8</run_address>
         <size>0xa8</size>
         <input_file_ref idref="fl-a"/>
      </object_component>
      <object_component id="oc-10b">
         <name>.debug_aranges</name>
         <load_address>0x660</load_address>
         <run_address>0x660</run_address>
         <size>0x18</size>
         <input_file_ref idref="fl-b"/>
      </object_component>
      <object_component id="oc-110">
         <name>.debug_aranges</name>
         <load_address>0x678</load_address>
         <run_address>0x678</run_address>
         <size>0x20</size>
         <input_file_ref idref="fl-c"/>
      </object_component>
      <object_component id="oc-118">
         <name>.debug_aranges</name>
         <load_address>0x698</load_address>
         <run_address>0x698</run_address>
         <size>0x118</size>
         <input_file_ref idref="fl-d"/>
      </object_component>
      <object_component id="oc-11d">
         <name>.debug_aranges</name>
         <load_address>0x7b0</load_address>
         <run_address>0x7b0</run_address>
         <size>0x60</size>
         <input_file_ref idref="fl-e"/>
      </object_component>
      <object_component id="oc-122">
         <name>.debug_aranges</name>
         <load_address>0x810</load_address>
         <run_address>0x810</run_address>
         <size>0x18</size>
         <input_file_ref idref="fl-f"/>
      </object_component>
      <object_component id="oc-127">
         <name>.debug_aranges</name>
         <load_address>0x828</load_address>
         <run_address>0x828</run_address>
         <size>0x18</size>
         <input_file_ref idref="fl-10"/>
      </object_component>
      <object_component id="oc-12c">
         <name>.debug_aranges</name>
         <load_address>0x840</load_address>
         <run_address>0x840</run_address>
         <size>0x28</size>
         <input_file_ref idref="fl-11"/>
      </object_component>
      <object_component id="oc-132">
         <name>.debug_aranges</name>
         <load_address>0x868</load_address>
         <run_address>0x868</run_address>
         <size>0x20</size>
         <input_file_ref idref="fl-24"/>
      </object_component>
      <object_component id="oc-138">
         <name>.debug_aranges</name>
         <load_address>0x888</load_address>
         <run_address>0x888</run_address>
         <size>0x20</size>
         <input_file_ref idref="fl-25"/>
      </object_component>
      <object_component id="oc-13e">
         <name>.debug_aranges</name>
         <load_address>0x8a8</load_address>
         <run_address>0x8a8</run_address>
         <size>0x20</size>
         <input_file_ref idref="fl-26"/>
      </object_component>
      <object_component id="oc-143">
         <name>.debug_aranges</name>
         <load_address>0x8c8</load_address>
         <run_address>0x8c8</run_address>
         <size>0x20</size>
         <input_file_ref idref="fl-27"/>
      </object_component>
      <object_component id="oc-148">
         <name>.debug_aranges</name>
         <load_address>0x8e8</load_address>
         <run_address>0x8e8</run_address>
         <size>0x20</size>
         <input_file_ref idref="fl-28"/>
      </object_component>
      <object_component id="oc-14d">
         <name>.debug_aranges</name>
         <load_address>0x908</load_address>
         <run_address>0x908</run_address>
         <size>0x20</size>
         <input_file_ref idref="fl-29"/>
      </object_component>
      <object_component id="oc-152">
         <name>.debug_aranges</name>
         <load_address>0x928</load_address>
         <run_address>0x928</run_address>
         <size>0x20</size>
         <input_file_ref idref="fl-2a"/>
      </object_component>
      <object_component id="oc-157">
         <name>.debug_aranges</name>
         <load_address>0x948</load_address>
         <run_address>0x948</run_address>
         <size>0x20</size>
         <input_file_ref idref="fl-2b"/>
      </object_component>
      <object_component id="oc-15e">
         <name>.debug_aranges</name>
         <load_address>0x968</load_address>
         <run_address>0x968</run_address>
         <size>0x28</size>
         <input_file_ref idref="fl-2c"/>
      </object_component>
      <object_component id="oc-163">
         <name>.debug_aranges</name>
         <load_address>0x990</load_address>
         <run_address>0x990</run_address>
         <size>0x30</size>
         <input_file_ref idref="fl-2d"/>
      </object_component>
      <object_component id="oc-168">
         <name>.debug_aranges</name>
         <load_address>0x9c0</load_address>
         <run_address>0x9c0</run_address>
         <size>0x20</size>
         <input_file_ref idref="fl-2e"/>
      </object_component>
   </object_component_list>
   <logical_group_list>
[...]
         <object_component_ref idref="oc-113"/>
      </symbol>
      <symbol id="sm-4a8">
         <name>_dlog_4ch1</name>
         <value>0xb0c0</value>
         <object_component_ref idref="oc-113"/>
      </symbol>
      <symbol id="sm-4a9">
         <name>_Exp_N_RToverL</name>
         <value>0xb07a</value>
         <object_component_ref idref="oc-113"/>
      </symbol>
      <symbol id="sm-4aa">
         <name>_C_Task_Ptr</name>
         <value>0xb022</value>
         <object_component_ref idref="oc-113"/>
      </symbol>
      <symbol id="sm-4ab">
         <name>_A_Task_Ptr</name>
         <value>0xb01e</value>
         <object_component_ref idref="oc-113"/>
      </symbol>
      <symbol id="sm-4ac">
         <name>_posSlewRate</name>
         <value>0xb0a0</value>
         <object_component_ref idref="oc-113"/>
      </symbol>
      <symbol id="sm-4ad">
         <name>_K2</name>
         <value>0xb02e</value>
         <object_component_ref idref="oc-113"/>
      </symbol>
      <symbol id="sm-4ae">
         <name>_K1</name>
         <value>0xb02c</value>
         <object_component_ref idref="oc-113"/>
      </symbol>
      <symbol id="sm-4af">
         <name>_Iq_dis_err</name>
         <value>0xb068</value>
         <object_component_ref idref="oc-113"/>
      </symbol>
      <symbol id="sm-4b0">
         <name>_cpx_0</name>
         <value>0x87d4</value>
         <object_component_ref idref="oc-172"/>
      </symbol>
      <symbol id="sm-4b1">
         <name>_Vq_dis_RToverL</name>
         <value>0xb070</value>
         <object_component_ref idref="oc-113"/>
      </symbol>
      <symbol id="sm-4b2">
         <name>_Id_dis_err_old</name>
         <value>0xb06a</value>
         <object_component_ref idref="oc-113"/>
      </symbol>
      <symbol id="sm-4b3">
         <name>_Alpha_State_Ptr</name>
         <value>0xb01c</value>
         <object_component_ref idref="oc-113"/>
      </symbol>
      <symbol id="sm-4b4">
         <name>_Iq</name>
         <value>0xb03a</value>
         <object_component_ref idref="oc-113"/>
      </symbol>
      <symbol id="sm-4b5">
         <name>_Id</name>
         <value>0xb038</value>
         <object_component_ref idref="oc-113"/>
      </symbol>
      <symbol id="sm-4b6">
         <name>_PWMCOMPSW</name>
         <value>0xb010</value>
         <object_component_ref idref="oc-113"/>
      </symbol>
      <symbol id="sm-4b7">
         <name>_wL_pu</name>
         <value>0xb052</value>
         <object_component_ref idref="oc-113"/>
      </symbol>
      <symbol id="sm-4b8">
         <name>_refPosGen</name>
         <value>0x88c6</value>
         <object_component_ref idref="oc-172"/>
      </symbol>
      <symbol id="sm-4b9">
         <name>_MotorControlISR</name>
         <value>0x99a9</value>
         <object_component_ref idref="oc-114"/>
      </symbol>
      <symbol id="sm-4ba">
         <name>_cpx_add</name>
         <value>0x86ad</value>
         <object_component_ref idref="oc-172"/>
      </symbol>
      <symbol id="sm-4bb">
         <name>_Vd_dis_K_debug</name>
         <value>0xb076</value>
         <object_component_ref idref="oc-113"/>
      </symbol>
      <symbol id="sm-4bc">
         <name>_Ic_d_PWM_old</name>
         <value>0xb084</value>
         <object_component_ref idref="oc-113"/>
      </symbol>
      <symbol id="sm-4bd">
         <name>_kc1</name>
         <value>0xb096</value>
         <object_component_ref idref="oc-113"/>
      </symbol>
      <symbol id="sm-4be">
         <name>_R_hat</name>
         <value>0xb04c</value>
         <object_component_ref idref="oc-113"/>
      </symbol>
      <symbol id="sm-4bf">
         <name>_ADSW</name>
         <value>0xb007</value>
         <object_component_ref idref="oc-113"/>
      </symbol>
      <symbol id="sm-4c0">
         <name>_L_hat</name>
         <value>0xb04e</value>
         <object_component_ref idref="oc-113"/>
      </symbol>
      <symbol id="sm-4c1">
         <name>_voluse</name>
         <value>0xb01a</value>
         <object_component_ref idref="oc-113"/>
      </symbol>
      <symbol id="sm-4c2">
         <name>_Ang_comp</name>
         <value>0xb090</value>
         <object_component_ref idref="oc-113"/>
      </symbol>
      <symbol id="sm-4c3">
         <name>_Tmp</name>
         <value>0xb026</value>
         <object_component_ref idref="oc-113"/>
      </symbol>
      <symbol id="sm-4c4">
         <name>_speed_lpf</name>
         <value>0xb042</value>
         <object_component_ref idref="oc-113"/>
      </symbol>
      <symbol id="sm-4c5">
         <name>_theta_hat</name>
         <value>0xb046</value>
         <object_component_ref idref="oc-113"/>
      </symbol>
      <symbol id="sm-4c6">
         <name>_kT</name>
         <value>0xb07e</value>
         <object_component_ref idref="oc-113"/>
      </symbol>
      <symbol id="sm-4c7">
         <name>_DRV_RESET</name>
         <value>0xb013</value>
         <object_component_ref idref="oc-113"/>
      </symbol>
      <symbol id="sm-4c8">
         <name>__IQexp_cpx</name>
         <value>0x87a1</value>
         <object_component_ref idref="oc-172"/>
      </symbol>
      <symbol id="sm-4c9">
         <name>_C3</name>
         <value>0x8d2e</value>
         <object_component_ref idref="oc-172"/>
      </symbol>
      <symbol id="sm-4ca">
         <name>_C2</name>
         <value>0x8d28</value>
         <object_component_ref idref="oc-172"/>
      </symbol>
      <symbol id="sm-4cb">
         <name>_C1</name>
         <value>0x8d1f</value>
         <object_component_ref idref="oc-172"/>
      </symbol>
      <symbol id="sm-4cc">
         <name>_C0</name>
         <value>0x8ce5</value>
         <object_component_ref idref="oc-172"/>
      </symbol>
      <symbol id="sm-4cd">
         <name>_w_pu100</name>
         <value>0xb054</value>
         <object_component_ref idref="oc-113"/>
      </symbol>
      <symbol id="sm-4ce">
         <name>_B3</name>
         <value>0x8d19</value>
         <object_component_ref idref="oc-172"/>
      </symbol>
      <symbol id="sm-4cf">
         <name>_B2</name>
         <value>0x8d13</value>
         <object_component_ref idref="oc-172"/>
      </symbol>
      <symbol id="sm-4d0">
         <name>_B1</name>
         <value>0x8d0d</value>
         <object_component_ref idref="oc-172"/>
      </symbol>
      <symbol id="sm-4d1">
         <name>_B0</name>
         <value>0x8ccf</value>
         <object_component_ref idref="oc-172"/>
      </symbol>
      <symbol id="sm-4d2">
         <name>_PwmTripConfig</name>
         <value>0x87e4</value>
         <object_component_ref idref="oc-172"/>
      </symbol>
      <symbol id="sm-4d3">
         <name>_A3</name>
         <value>0x8d07</value>
         <object_component_ref idref="oc-172"/>
      </symbol>
      <symbol id="sm-4d4">
         <name>_A2</name>
         <value>0x8d01</value>
         <object_component_ref idref="oc-172"/>
      </symbol>
      <symbol id="sm-4d5">
         <name>_A1</name>
         <value>0x8cfb</value>
         <object_component_ref idref="oc-172"/>
      </symbol>
      <symbol id="sm-4d6">
         <name>_A0</name>
         <value>0x8cb6</value>
         <object_component_ref idref="oc-172"/>
      </symbol>
      <symbol id="sm-4d7">
         <name>_IcObsSW</name>
         <value>0xb00c</value>
         <object_component_ref idref="oc-113"/>
      </symbol>
      <symbol id="sm-4d8">
         <name>_Vq_dis_K_debug</name>
         <value>0xb078</value>
         <object_component_ref idref="oc-113"/>
      </symbol>
      <symbol id="sm-4d9">
         <name>_OffsetCalCounter</name>
         <value>0xb005</value>
         <object_component_ref idref="oc-113"/>
      </symbol>
      <symbol id="sm-4da">
         <name>_Amplitude_pwm</name>
         <value>0xb060</value>
         <object_component_ref idref="oc-113"/>
      </symbol>
      <symbol id="sm-4db">
         <name>_BackTicker</name>
         <value>0xb003</value>
         <object_component_ref idref="oc-113"/>
      </symbol>
      <symbol id="sm-4dc">
         <name>_BW_CC_dis</name>
         <value>0xb07c</value>
         <object_component_ref idref="oc-113"/>
      </symbol>
      <symbol id="sm-4dd">
         <name>_PLLSW</name>
         <value>0xb009</value>
         <object_component_ref idref="oc-113"/>
      </symbol>
      <symbol id="sm-4de">
         <name>_motor1</name>
         <value>0xb140</value>
         <object_component_ref idref="oc-113"/>
      </symbol>
      <symbol id="sm-4df">
         <name>_EnableFlag</name>
         <value>0xb002</value>
         <object_component_ref idref="oc-113"/>
      </symbol>
      <symbol id="sm-4e0">
         <name>_adc_cal</name>
         <value>0xb024</value>
         <object_component_ref idref="oc-113"/>
      </symbol>
      <symbol id="sm-4e1">
         <name>_SPEEDSW</name>
         <value>0xb00f</value>
         <object_component_ref idref="oc-113"/>
      </symbol>
      <symbol id="sm-4e2">
         <name>_speed_hat</name>
         <value>0xb03e</value>
         <object_component_ref idref="oc-113"/>
      </symbol>
      <symbol id="sm-4e3">
         <name>_AdcIsrTicker</name>
         <value>0xb02a</value>
         <object_component_ref idref="oc-113"/>
      </symbol>
      <symbol id="sm-4e4">
         <name>_cpx_sub</name>
         <value>0x86d8</value>
         <object_component_ref idref="oc-172"/>
      </symbol>
      <symbol id="sm-4e5">
         <name>_posArray</name>
         <value>0xb514</value>
         <object_component_ref idref="oc-179"/>
      </symbol>
      <symbol id="sm-4e6">
         <name>_Id_dis_ref</name>
         <value>0xb062</value>
         <object_component_ref idref="oc-113"/>
      </symbol>
      <symbol id="sm-4e7">
         <name>_Vd_dis_K</name>
         <value>0xb072</value>
         <object_component_ref idref="oc-113"/>
      </symbol>
      <symbol id="sm-4e8">
         <name>_ptrMax</name>
         <value>0xb011</value>
         <object_component_ref idref="oc-113"/>
      </symbol>
      <symbol id="sm-4e9">
         <name>_emf</name>
         <value>0xb100</value>
         <object_component_ref idref="oc-113"/>
      </symbol>
      <symbol id="sm-4ea">
         <name>_GPIO_TogglePin</name>
         <value>0x88ff</value>
         <object_component_ref idref="oc-172"/>
      </symbol>
      <symbol id="sm-4eb">
         <name>_Iq_dis_ref</name>
         <value>0xb064</value>
         <object_component_ref idref="oc-113"/>
      </symbol>
      <symbol id="sm-4ec">
         <name>_Vd_dis_RToverL</name>
         <value>0xb06e</value>
         <object_component_ref idref="oc-113"/>
      </symbol>
      <symbol id="sm-4ed">
         <name>_Vd_cff_wLd</name>
         <value>0xb05a</value>
         <object_component_ref idref="oc-113"/>
      </symbol>
      <symbol id="sm-4ee">
         <name>_speed_hat_old</name>
         <value>0xb040</value>
         <object_component_ref idref="oc-113"/>
      </symbol>
      <symbol id="sm-4ef">
         <name>_cal_filt_gain</name>
         <value>0xb030</value>
         <object_component_ref idref="oc-113"/>
      </symbol>
      <symbol id="sm-4f0">
         <name>_IcObsFullSW</name>
         <value>0xb00d</value>
         <object_component_ref idref="oc-113"/>
      </symbol>
      <symbol id="sm-4f1">
         <name>_SerialCommsTimer</name>
         <value>0xb000</value>
         <object_component_ref idref="oc-113"/>
      </symbol>
      <symbol id="sm-4f2">
         <name>_IdRef_run</name>
         <value>0xb09c</value>
         <object_component_ref idref="oc-113"/>
      </symbol>
      <symbol id="sm-4f3">
         <name>_DMC1_Protection</name>
         <value>0x8838</value>
         <object_component_ref idref="oc-172"/>
      </symbol>
      <symbol id="sm-4f4">
         <name>_cpx_div</name>
         <value>0x873a</value>
         <object_component_ref idref="oc-172"/>
      </symbol>
      <symbol id="sm-4f5">
         <name>_k</name>
         <value>0xb092</value>
         <object_component_ref idref="oc-113"/>
      </symbol>
      <symbol id="sm-4f6">
         <name>_DBUFF_4CH1</name>
         <value>0xb540</value>
         <object_component_ref idref="oc-17f"/>
      </symbol>
      <symbol id="sm-4f7">
         <name>_DBUFF_4CH2</name>
         <value>0xb700</value>
         <object_component_ref idref="oc-180"/>
      </symbol>
      <symbol id="sm-4f8">
         <name>_DBUFF_4CH3</name>
         <value>0xb8c0</value>
         <object_component_ref idref="oc-181"/>
      </symbol>
      <symbol id="sm-4f9">
         <name>_DBUFF_4CH4</name>
         <value>0xba80</value>
         <object_component_ref idref="oc-182"/>
      </symbol>
      <symbol id="sm-4fa">
         <name>_spd_lpf_cnt</name>
         <value>0xb018</value>
         <object_component_ref idref="oc-113"/>
      </symbol>
      <symbol id="sm-4fb">
         <name>_wT_pu</name>
         <value>0xb05e</value>
         <object_component_ref idref="oc-113"/>
      </symbol>
      <symbol id="sm-4fc">
         <name>_Iq_dis_err_old</name>
         <value>0xb06c</value>
         <object_component_ref idref="oc-113"/>
      </symbol>
      <symbol id="sm-4fd">
         <name>_Ic_alpha_old</name>
         <value>0xb088</value>
         <object_component_ref idref="oc-113"/>
      </symbol>
      <symbol id="sm-4fe">
         <name>_VCM_AMP</name>
         <value>0xb016</value>
         <object_component_ref idref="oc-113"/>
      </symbol>
      <symbol id="sm-4ff">
         <name>_ramper_speed</name>
         <value>0x8880</value>
         <object_component_ref idref="oc-172"/>
      </symbol>
      <symbol id="sm-500">
         <name>_cpx_mpy</name>
         <value>0x8703</value>
         <object_component_ref idref="oc-172"/>
      </symbol>
      <symbol id="sm-50d">
         <name>_PWM_1ch_UpDwnCnt_CNF</name>
         <value>0x98b6</value>
         <object_component_ref idref="oc-17b"/>
      </symbol>
      <symbol id="sm-50e">
         <name>_ConfigureADC</name>
         <value>0x9860</value>
         <object_component_ref idref="oc-17b"/>
      </symbol>
      <symbol id="sm-50f">
         <name>_InitMotor1_DRV_Gpio</name>
         <value>0x9812</value>
         <object_component_ref idref="oc-17b"/>
      </symbol>
      <symbol id="sm-510">
         <name>_InitMotor1EPwmGpio</name>
         <value>0x979e</value>
         <object_component_ref idref="oc-17b"/>
      </symbol>
      <symbol id="sm-511">
         <name>_InitSysCtrl1</name>
         <value>0x982f</value>
         <object_component_ref idref="oc-17b"/>
      </symbol>
      <symbol id="sm-512">
         <name>_InitSpiRegs_DRV830x</name>
         <value>0x997e</value>
         <object_component_ref idref="oc-17b"/>
      </symbol>
      <symbol id="sm-513">
         <name>_InitMotor1SpiGpio</name>
         <value>0x97e9</value>
         <object_component_ref idref="oc-17b"/>
      </symbol>
      <symbol id="sm-514">
         <name>_InitMotor1EQepGpio</name>
         <value>0x97ca</value>
         <object_component_ref idref="oc-17b"/>
      </symbol>
      <symbol id="sm-515">
         <name>_PWM_1ch_UpDwnCnt_CNF_noDB</name>
         <value>0x9923</value>
         <object_component_ref idref="oc-17b"/>
      </symbol>
      <symbol id="sm-537">
         <name>_DLOG_4CH_F_FUNC</name>
         <value>0x9d10</value>
         <object_component_ref idref="oc-17e"/>
      </symbol>
      <symbol id="sm-538">
         <name>_DLOG_4CH_F_init</name>
         <value>0x9cd4</value>
         <object_component_ref idref="oc-17e"/>
      </symbol>
      <symbol id="sm-566">
         <name>_exp</name>
         <value>0x9ad2</value>
         <object_component_ref idref="oc-178"/>
      </symbol>
      <symbol id="sm-567">
         <name>_expf</name>
         <value>0x9ad2</value>
         <object_component_ref idref="oc-178"/>
      </symbol>
      <symbol id="sm-57d">
         <name>_floorf</name>
         <value>0x9e37</value>
         <object_component_ref idref="oc-177"/>
      </symbol>
      <symbol id="sm-57e">
         <name>_floor</name>
         <value>0x9e37</value>
         <object_component_ref idref="oc-177"/>
      </symbol>
      <symbol id="sm-599">
         <name>_c_int00</name>
         <value>0x9e90</value>
         <object_component_ref idref="oc-78"/>
      </symbol>
      <symbol id="sm-59a">
         <name>__stack</name>
         <value>0x400</value>
         <object_component_ref idref="oc-139"/>
      </symbol>
      <symbol id="sm-5ab">
         <name>FS$$DIV</name>
         <value>0x9daf</value>
         <object_component_ref idref="oc-13f"/>
      </symbol>
      <symbol id="sm-5ba">
         <name>_copy_in</name>
         <value>0x9f5d</value>
         <object_component_ref idref="oc-16e"/>
      </symbol>
      <symbol id="sm-5cb">
         <name>_memcpy</name>
         <value>0x9f81</value>
         <object_component_ref idref="oc-174"/>
      </symbol>
      <symbol id="sm-5d7">
         <name>__system_pre_init</name>
         <value>0x9fc1</value>
         <object_component_ref idref="oc-16d"/>
      </symbol>
      <symbol id="sm-5e4">
         <name>__system_post_cinit</name>
         <value>0x9fc3</value>
         <object_component_ref idref="oc-16f"/>
      </symbol>
      <symbol id="sm-5f8">
         <name>C$$EXIT</name>
         <value>0x9ee6</value>
         <object_component_ref idref="oc-171"/>
      </symbol>
      <symbol id="sm-5f9">
         <name>_exit</name>
         <value>0x9ee8</value>
         <object_component_ref idref="oc-171"/>
      </symbol>
      <symbol id="sm-5fa">
         <name>___TI_cleanup_ptr</name>
         <value>0xb526</value>
         <object_component_ref idref="oc-15a"/>
      </symbol>
      <symbol id="sm-5fb">
         <name>___TI_enable_exit_profile_output</name>
         <value>0xb524</value>
         <object_component_ref idref="oc-15a"/>
      </symbol>
      <symbol id="sm-5fc">
         <name>_abort</name>
         <value>0x9ee6</value>
         <object_component_ref idref="oc-171"/>
      </symbol>
      <symbol id="sm-5fd">
         <name>___TI_dtors_ptr</name>
         <value>0xb528</value>
         <object_component_ref idref="oc-15a"/>
      </symbol>
      <symbol id="sm-611">
         <name>__unlock</name>
         <value>0xb538</value>
         <object_component_ref idref="oc-18e"/>
      </symbol>
      <symbol id="sm-612">
         <name>__lock</name>
         <value>0xb536</value>
         <object_component_ref idref="oc-175"/>
      </symbol>
      <symbol id="sm-613">
         <name>__register_lock</name>
         <value>0x9fb4</value>
         <object_component_ref idref="oc-186"/>
      </symbol>
      <symbol id="sm-614">
         <name>__nop</name>
         <value>0x9fb8</value>
         <object_component_ref idref="oc-186"/>
      </symbol>
      <symbol id="sm-615">
         <name>__register_unlock</name>
         <value>0x9fb0</value>
         <object_component_ref idref="oc-186"/>
      </symbol>
      <symbol id="sm-624">
         <name>__args_main</name>
         <value>0x9f9e</value>
         <object_component_ref idref="oc-170"/>
      </symbol>
      <symbol id="sm-62e">
         <name>_errno</name>
         <value>0xb53a</value>
         <object_component_ref idref="oc-16b"/>
      </symbol>
   </symbol_table>
   <title>Link successful</title>
</link_info>
