******************************************************************************
             TMS320C2000 Linker PC v20.2.1                     
******************************************************************************
>> Linked Tue May 11 14:30:53 2021

OUTPUT FILE NAME:   <MonoMtrServo_377s.out>
ENTRY POINT SYMBOL: "_c_int00"  address: 00009e90


MEMORY CONFIGURATION

         name            origin    length      used     unused   attr    fill
----------------------  --------  ---------  --------  --------  ----  --------
PAGE 0:
  BEGIN                 00000000   00000002  00000002  00000000  RWIX
  RAMM0                 00000122   000002de  00000004  000002da  RWIX
  RAMLS0LS1LS2LS3LS4LS5 00008000   00003000  00001fc4  0000103c  RWIX
  RAMGS456789           00010000   00006000  0000057a  00005a86  RWIX
  RESET                 003fffc0   00000002  00000000  00000002  RWIX

PAGE 1:
  BOOT_RSVD             00000002   00000120  00000000  00000120  RWIX
  RAMM1                 00000400   00000400  00000380  00000080  RWIX
  ADCA_RESULT           00000b00   00000020  00000018  00000008  RWIX
  ADCB_RESULT           00000b20   00000020  00000018  00000008  RWIX
  ADCC_RESULT           00000b40   00000020  00000018  00000008  RWIX
  ADCD_RESULT           00000b60   00000020  00000018  00000008  RWIX
  CPU_TIMER0            00000c00   00000008  00000008  00000000  RWIX
  CPU_TIMER1            00000c08   00000008  00000008  00000000  RWIX
  CPU_TIMER2            00000c10   00000008  00000008  00000000  RWIX
  PIE_CTRL              00000ce0   00000020  0000001a  00000006  RWIX
  PIE_VECT              00000d00   00000200  000001c0  00000040  RWIX
  DMA                   00001000   00000200  000000e0  00000120  RWIX
  CLA1                  00001400   00000040  0000003e  00000002  RWIX
  EPWM1                 00004000   00000100  00000100  00000000  RWIX
  EPWM2                 00004100   00000100  00000100  00000000  RWIX
  EPWM3                 00004200   00000100  00000100  00000000  RWIX
  EPWM4                 00004300   00000100  00000100  00000000  RWIX
  EPWM5                 00004400   00000100  00000100  00000000  RWIX
  EPWM6                 00004500   00000100  00000100  00000000  RWIX
  EPWM7                 00004600   00000100  00000100  00000000  RWIX
  EPWM8                 00004700   00000100  00000100  00000000  RWIX
  EPWM9                 00004800   00000100  00000100  00000000  RWIX
  EPWM10                00004900   00000100  00000100  00000000  RWIX
  EPWM11                00004a00   00000100  00000100  00000000  RWIX
  EPWM12                00004b00   00000100  00000100  00000000  RWIX
  ECAP1                 00005000   00000020  00000020  00000000  RWIX
  ECAP2                 00005020   00000020  00000020  00000000  RWIX
  ECAP3                 00005040   00000020  00000020  00000000  RWIX
  ECAP4                 00005060   00000020  00000020  00000000  RWIX
  ECAP5                 00005080   00000020  00000020  00000000  RWIX
  ECAP6                 000050a0   00000020  00000020  00000000  RWIX
  EQEP1                 00005100   00000040  00000022  0000001e  RWIX
  EQEP2                 00005140   00000040  00000022  0000001e  RWIX
  EQEP3                 00005180   00000040  00000022  0000001e  RWIX
  DACA                  00005c00   00000010  00000008  00000008  RWIX
  DACB                  00005c10   00000010  00000008  00000008  RWIX
  DACC                  00005c20   00000010  00000008  00000008  RWIX
  CMPSS1                00005c80   00000020  00000020  00000000  RWIX
  CMPSS2                00005ca0   00000020  00000020  00000000  RWIX
  CMPSS3                00005cc0   00000020  00000020  00000000  RWIX
  CMPSS4                00005ce0   00000020  00000020  00000000  RWIX
  CMPSS5                00005d00   00000020  00000020  00000000  RWIX
  CMPSS6                00005d20   00000020  00000020  00000000  RWIX
  CMPSS7                00005d40   00000020  00000020  00000000  RWIX
  CMPSS8                00005d60   00000020  00000020  00000000  RWIX
  SDFM1                 00005e00   00000080  00000080  00000000  RWIX
  SDFM2                 00005e80   00000080  00000080  00000000  RWIX
  MCBSPA                00006000   00000040  00000024  0000001c  RWIX
  MCBSPB                00006040   00000040  00000024  0000001c  RWIX
  SPIA                  00006100   00000010  00000010  00000000  RWIX
  SPIB                  00006110   00000010  00000010  00000000  RWIX
  SPIC                  00006120   00000010  00000010  00000000  RWIX
  SPID                  00006130   00000010  00000000  00000010  RWIX
  UPP                   00006200   00000100  00000048  000000b8  RWIX
  WD                    00007000   00000040  0000002b  00000015  RWIX
  NMIINTRUPT            00007060   00000010  00000007  00000009  RWIX
  XINT                  00007070   00000010  0000000b  00000005  RWIX
  SCIA                  00007200   00000010  00000010  00000000  RWIX
  SCIB                  00007210   00000010  00000010  00000000  RWIX
  SCIC                  00007220   00000010  00000010  00000000  RWIX
  SCID                  00007230   00000010  00000010  00000000  RWIX
  I2CA                  00007300   00000040  00000022  0000001e  RWIX
  I2CB                  00007340   00000040  00000022  0000001e  RWIX
  ADCA                  00007400   00000080  00000080  00000000  RWIX
  ADCB                  00007480   00000080  00000080  00000000  RWIX
  ADCC                  00007500   00000080  00000080  00000000  RWIX
  ADCD                  00007580   00000080  00000080  00000000  RWIX
  INPUT_XBAR            00007900   00000020  00000020  00000000  RWIX
  XBAR                  00007920   00000020  00000020  00000000  RWIX
  SYNC_SOC              00007940   00000010  00000006  0000000a  RWIX
  DMACLASRCSEL          00007980   00000040  0000001a  00000026  RWIX
  EPWM_XBAR             00007a00   00000040  00000040  00000000  RWIX
  CLB_XBAR              00007a40   00000040  00000000  00000040  RWIX
  OUTPUT_XBAR           00007a80   00000040  00000040  00000000  RWIX
  GPIOCTRL              00007c00   00000180  00000180  00000000  RWIX
  GPIODAT               00007f00   00000030  00000030  00000000  RWIX
  RAMD0D1               0000b000   00001000  00000dee  00000212  RWIX
  RAMGS0GS1             0000c000   00002000  00000000  00002000  RWIX
  RAMGS2                0000e000   00001000  00000000  00001000  RWIX
  RAMGS3                0000f000   00001000  00000000  00001000  RWIX
  RAMGS10               00016000   00001000  00000000  00001000  RWIX
  RAMGS11               00017000   00001000  00000000  00001000  RWIX
  EMIF1                 00047000   00000800  00000070  00000790  RWIX
  EMIF2                 00047800   00000800  00000070  00000790  RWIX
  FLASHPUMPSEMAPHORE    00050024   00000002  00000002  00000000  RWIX
  DEV_CFG               0005d000   00000180  0000012e  00000052  RWIX
  ANALOG_SUBSYS         0005d180   00000080  00000048  00000038  RWIX
  CLK_CFG               0005d200   00000100  00000032  000000ce  RWIX
  CPU_SYS               0005d300   00000100  00000082  0000007e  RWIX
  ROMPREFETCH           0005e608   00000002  00000002  00000000  RWIX
  DCSM_Z1               0005f000   00000030  00000024  0000000c  RWIX
  DCSM_Z2               0005f040   00000030  00000024  0000000c  RWIX
  DCSM_COMMON           0005f070   00000010  00000008  00000008  RWIX
  MEMCFG                0005f400   00000080  00000080  00000000  RWIX
  EMIF1CONFIG           0005f480   00000020  00000020  00000000  RWIX
  EMIF2CONFIG           0005f4a0   00000020  00000020  00000000  RWIX
  ACCESSPROTECTION      0005f4c0   00000040  00000040  00000000  RWIX
  MEMORYERROR           0005f500   00000040  00000040  00000000  RWIX
  ROMWAITSTATE          0005f540   00000002  00000002  00000000  RWIX
  FLASH0_CTRL           0005f800   00000300  00000182  0000017e  RWIX
  FLASH0_ECC            0005fb00   00000040  00000028  00000018  RWIX
  FLASH1_CTRL           0005fc00   00000300  00000182  0000017e  RWIX
  FLASH1_ECC            0005ff00   00000040  00000028  00000018  RWIX
  DCSM_Z1_OTP           00078000   00000020  00000020  00000000  RWIX
  DCSM_Z2_OTP           00078200   00000020  00000020  00000000  RWIX


SECTION ALLOCATION MAP

 output                                  attributes/
section   page    origin      length       input sections
--------  ----  ----------  ----------   ----------------
codestart 
*          0    00000000    00000002     
                  00000000    00000002     F2837xS_CodeStartBranch.obj (codestart)

ramfuncs   0    00000122    00000004     
                  00000122    00000004     F2837xS_usDelay.obj (ramfuncs)

.cinit     0    00010000    0000057a     
                  00010000    00000551     MonoMtrServo.obj (.cinit)
                  00010551    0000000e     rts2800_fpu32.lib : exit.c.obj (.cinit)
                  0001055f    0000000b     MonoMtrServo.obj (.cinit:_posArray)
                  0001056a    00000005     rts2800_fpu32.lib : _lock.c.obj (.cinit:__lock)
                  0001056f    00000005                       : _lock.c.obj (.cinit:__unlock)
                  00010574    00000004                       : errno.c.obj (.cinit)
                  00010578    00000002     --HOLE-- [fill = 0]

.pinit     0    00000122    00000000     UNINITIALIZED

.reset     0    003fffc0    00000002     DSECT
                  003fffc0    00000002     rts2800_fpu32.lib : boot28.asm.obj (.reset)

.stack     1    00000400    00000380     UNINITIALIZED
                  00000400    00000380     --HOLE--

AdcaResultFile 
*          1    00000b00    00000018     UNINITIALIZED
                  00000b00    00000018     F2837xS_GlobalVariableDefs.obj (AdcaResultFile)

AdcbResultFile 
*          1    00000b20    00000018     UNINITIALIZED
                  00000b20    00000018     F2837xS_GlobalVariableDefs.obj (AdcbResultFile)

AdccResultFile 
*          1    00000b40    00000018     UNINITIALIZED
                  00000b40    00000018     F2837xS_GlobalVariableDefs.obj (AdccResultFile)

AdcdResultFile 
*          1    00000b60    00000018     UNINITIALIZED
                  00000b60    00000018     F2837xS_GlobalVariableDefs.obj (AdcdResultFile)

CpuTimer0RegsFile 
*          1    00000c00    00000008     UNINITIALIZED
                  00000c00    00000008     F2837xS_GlobalVariableDefs.obj (CpuTimer0RegsFile)

CpuTimer1RegsFile 
*          1    00000c08    00000008     UNINITIALIZED
                  00000c08    00000008     F2837xS_GlobalVariableDefs.obj (CpuTimer1RegsFile)

CpuTimer2RegsFile 
*          1    00000c10    00000008     UNINITIALIZED
                  00000c10    00000008     F2837xS_GlobalVariableDefs.obj (CpuTimer2RegsFile)

PieCtrlRegsFile 
*          1    00000ce0    0000001a     UNINITIALIZED
                  00000ce0    0000001a     F2837xS_GlobalVariableDefs.obj (PieCtrlRegsFile)

DmaRegsFile 
*          1    00001000    000000e0     UNINITIALIZED
                  00001000    000000e0     F2837xS_GlobalVariableDefs.obj (DmaRegsFile)

Cla1RegsFile 
*          1    00001400    0000003e     UNINITIALIZED
                  00001400    0000003e     F2837xS_GlobalVariableDefs.obj (Cla1RegsFile)

EPwm1RegsFile 
*          1    00004000    00000100     UNINITIALIZED
                  00004000    00000100     F2837xS_GlobalVariableDefs.obj (EPwm1RegsFile)

EPwm2RegsFile 
*          1    00004100    00000100     UNINITIALIZED
                  00004100    00000100     F2837xS_GlobalVariableDefs.obj (EPwm2RegsFile)

EPwm3RegsFile 
*          1    00004200    00000100     UNINITIALIZED
                  00004200    00000100     F2837xS_GlobalVariableDefs.obj (EPwm3RegsFile)

EPwm4RegsFile 
*          1    00004300    00000100     UNINITIALIZED
                  00004300    00000100     F2837xS_GlobalVariableDefs.obj (EPwm4RegsFile)

EPwm5RegsFile 
*          1    00004400    00000100     UNINITIALIZED
                  00004400    00000100     F2837xS_GlobalVariableDefs.obj (EPwm5RegsFile)

EPwm6RegsFile 
*          1    00004500    00000100     UNINITIALIZED
                  00004500    00000100     F2837xS_GlobalVariableDefs.obj (EPwm6RegsFile)

EPwm7RegsFile 
*          1    00004600    00000100     UNINITIALIZED
                  00004600    00000100     F2837xS_GlobalVariableDefs.obj (EPwm7RegsFile)

EPwm8RegsFile 
*          1    00004700    00000100     UNINITIALIZED
                  00004700    00000100     F2837xS_GlobalVariableDefs.obj (EPwm8RegsFile)

EPwm9RegsFile 
*          1    00004800    00000100     UNINITIALIZED
                  00004800    00000100     F2837xS_GlobalVariableDefs.obj (EPwm9RegsFile)

EPwm10RegsFile 
*          1    00004900    00000100     UNINITIALIZED
                  00004900    00000100     F2837xS_GlobalVariableDefs.obj (EPwm10RegsFile)

EPwm11RegsFile 
*          1    00004a00    00000100     UNINITIALIZED
                  00004a00    00000100     F2837xS_GlobalVariableDefs.obj (EPwm11RegsFile)

EPwm12RegsFile 
*          1    00004b00    00000100     UNINITIALIZED
                  00004b00    00000100     F2837xS_GlobalVariableDefs.obj (EPwm12RegsFile)

ECap1RegsFile 
*          1    00005000    00000020     UNINITIALIZED
                  00005000    00000020     F2837xS_GlobalVariableDefs.obj (ECap1RegsFile)

ECap2RegsFile 
*          1    00005020    00000020     UNINITIALIZED
                  00005020    00000020     F2837xS_GlobalVariableDefs.obj (ECap2RegsFile)

ECap3RegsFile 
*          1    00005040    00000020     UNINITIALIZED
                  00005040    00000020     F2837xS_GlobalVariableDefs.obj (ECap3RegsFile)

ECap4RegsFile 
*          1    00005060    00000020     UNINITIALIZED
                  00005060    00000020     F2837xS_GlobalVariableDefs.obj (ECap4RegsFile)

ECap5RegsFile 
*          1    00005080    00000020     UNINITIALIZED
                  00005080    00000020     F2837xS_GlobalVariableDefs.obj (ECap5RegsFile)

ECap6RegsFile 
*          1    000050a0    00000020     UNINITIALIZED
                  000050a0    00000020     F2837xS_GlobalVariableDefs.obj (ECap6RegsFile)

EQep1RegsFile 
*          1    00005100    00000022     UNINITIALIZED
                  00005100    00000022     F2837xS_GlobalVariableDefs.obj (EQep1RegsFile)

EQep2RegsFile 
*          1    00005140    00000022     UNINITIALIZED
                  00005140    00000022     F2837xS_GlobalVariableDefs.obj (EQep2RegsFile)

EQep3RegsFile 
*          1    00005180    00000022     UNINITIALIZED
                  00005180    00000022     F2837xS_GlobalVariableDefs.obj (EQep3RegsFile)

DacaRegsFile 
*          1    00005c00    00000008     UNINITIALIZED
                  00005c00    00000008     F2837xS_GlobalVariableDefs.obj (DacaRegsFile)

DacbRegsFile 
*          1    00005c10    00000008     UNINITIALIZED
                  00005c10    00000008     F2837xS_GlobalVariableDefs.obj (DacbRegsFile)

DaccRegsFile 
*          1    00005c20    00000008     UNINITIALIZED
                  00005c20    00000008     F2837xS_GlobalVariableDefs.obj (DaccRegsFile)

Sdfm1RegsFile 
*          1    00005e00    00000080     UNINITIALIZED
                  00005e00    00000080     F2837xS_GlobalVariableDefs.obj (Sdfm1RegsFile)

Sdfm2RegsFile 
*          1    00005e80    00000080     UNINITIALIZED
                  00005e80    00000080     F2837xS_GlobalVariableDefs.obj (Sdfm2RegsFile)

McbspaRegsFile 
*          1    00006000    00000024     UNINITIALIZED
                  00006000    00000024     F2837xS_GlobalVariableDefs.obj (McbspaRegsFile)

McbspbRegsFile 
*          1    00006040    00000024     UNINITIALIZED
                  00006040    00000024     F2837xS_GlobalVariableDefs.obj (McbspbRegsFile)

SpiaRegsFile 
*          1    00006100    00000010     UNINITIALIZED
                  00006100    00000010     F2837xS_GlobalVariableDefs.obj (SpiaRegsFile)

SpibRegsFile 
*          1    00006110    00000010     UNINITIALIZED
                  00006110    00000010     F2837xS_GlobalVariableDefs.obj (SpibRegsFile)

SpicRegsFile 
*          1    00006120    00000010     UNINITIALIZED
                  00006120    00000010     F2837xS_GlobalVariableDefs.obj (SpicRegsFile)

UppRegsFile 
*          1    00006200    00000048     UNINITIALIZED
                  00006200    00000048     F2837xS_GlobalVariableDefs.obj (UppRegsFile)

WdRegsFile 
*          1    00007000    0000002b     UNINITIALIZED
                  00007000    0000002b     F2837xS_GlobalVariableDefs.obj (WdRegsFile)

NmiIntruptRegsFile 
*          1    00007060    00000007     UNINITIALIZED
                  00007060    00000007     F2837xS_GlobalVariableDefs.obj (NmiIntruptRegsFile)

XintRegsFile 
*          1    00007070    0000000b     UNINITIALIZED
                  00007070    0000000b     F2837xS_GlobalVariableDefs.obj (XintRegsFile)

SciaRegsFile 
*          1    00007200    00000010     UNINITIALIZED
                  00007200    00000010     F2837xS_GlobalVariableDefs.obj (SciaRegsFile)

ScibRegsFile 
*          1    00007210    00000010     UNINITIALIZED
                  00007210    00000010     F2837xS_GlobalVariableDefs.obj (ScibRegsFile)

ScicRegsFile 
*          1    00007220    00000010     UNINITIALIZED
                  00007220    00000010     F2837xS_GlobalVariableDefs.obj (ScicRegsFile)

ScidRegsFile 
*          1    00007230    00000010     UNINITIALIZED
                  00007230    00000010     F2837xS_GlobalVariableDefs.obj (ScidRegsFile)

I2caRegsFile 
*          1    00007300    00000022     UNINITIALIZED
                  00007300    00000022     F2837xS_GlobalVariableDefs.obj (I2caRegsFile)

I2cbRegsFile 
*          1    00007340    00000022     UNINITIALIZED
                  00007340    00000022     F2837xS_GlobalVariableDefs.obj (I2cbRegsFile)

InputXbarRegsFile 
*          1    00007900    00000020     UNINITIALIZED
                  00007900    00000020     F2837xS_GlobalVariableDefs.obj (InputXbarRegsFile)

XbarRegsFile 
*          1    00007920    00000020     UNINITIALIZED
                  00007920    00000020     F2837xS_GlobalVariableDefs.obj (XbarRegsFile)

SyncSocRegsFile 
*          1    00007940    00000006     UNINITIALIZED
                  00007940    00000006     F2837xS_GlobalVariableDefs.obj (SyncSocRegsFile)

DmaClaSrcSelRegsFile 
*          1    00007980    0000001a     UNINITIALIZED
                  00007980    0000001a     F2837xS_GlobalVariableDefs.obj (DmaClaSrcSelRegsFile)

EPwmXbarRegsFile 
*          1    00007a00    00000040     UNINITIALIZED
                  00007a00    00000040     F2837xS_GlobalVariableDefs.obj (EPwmXbarRegsFile)

OutputXbarRegsFile 
*          1    00007a80    00000040     UNINITIALIZED
                  00007a80    00000040     F2837xS_GlobalVariableDefs.obj (OutputXbarRegsFile)

GpioCtrlRegsFile 
*          1    00007c00    00000180     UNINITIALIZED
                  00007c00    00000180     F2837xS_GlobalVariableDefs.obj (GpioCtrlRegsFile)

GpioDataRegsFile 
*          1    00007f00    00000030     UNINITIALIZED
                  00007f00    00000030     F2837xS_GlobalVariableDefs.obj (GpioDataRegsFile)

.ebss      1    0000b000    00000c10     UNINITIALIZED
                  0000b000    00000514     MonoMtrServo.obj (.ebss)
                  0000b514    00000010     MonoMtrServo.obj (.ebss:_posArray)
                  0000b524    00000006     rts2800_fpu32.lib : exit.c.obj (.ebss)
                  0000b52a    00000004     MonoMtrServo.obj (.ebss:_VTimer0)
                  0000b52e    00000004     MonoMtrServo.obj (.ebss:_VTimer1)
                  0000b532    00000004     MonoMtrServo.obj (.ebss:_VTimer2)
                  0000b536    00000002     rts2800_fpu32.lib : _lock.c.obj (.ebss:__lock)
                  0000b538    00000002                       : _lock.c.obj (.ebss:__unlock)
                  0000b53a    00000001                       : errno.c.obj (.ebss)
                  0000b53b    00000005     --HOLE--
                  0000b540    00000190     MonoMtrServo.obj (.ebss:_DBUFF_4CH1)
                  0000b6d0    00000030     --HOLE--
                  0000b700    00000190     MonoMtrServo.obj (.ebss:_DBUFF_4CH2)
                  0000b890    00000030     --HOLE--
                  0000b8c0    00000190     MonoMtrServo.obj (.ebss:_DBUFF_4CH3)
                  0000ba50    00000030     --HOLE--
                  0000ba80    00000190     MonoMtrServo.obj (.ebss:_DBUFF_4CH4)

.econst    1    0000bc10    000001de     
                  0000bc10    000001c0     F2837xS_PieVect.obj (.econst:_PieVectTableInit)
                  0000bdd0    00000010     rts2800_fpu32.lib : e_expf.c.obj (.econst)
                  0000bde0    00000004                       : e_expf.c.obj (.econst:_halF)
                  0000bde4    00000004                       : e_expf.c.obj (.econst:_ln2HI)
                  0000bde8    00000004                       : e_expf.c.obj (.econst:_ln2LO)
                  0000bdec    00000002                       : s_floorf.c.obj (.econst)

PieVectTableFile 
*          1    00000d00    000001c0     UNINITIALIZED
                  00000d00    000001c0     F2837xS_GlobalVariableDefs.obj (PieVectTableFile)

EmuKeyVar 
*          1    00000d00    00000001     UNINITIALIZED
                  00000d00    00000001     F2837xS_GlobalVariableDefs.obj (EmuKeyVar)

EmuBModeVar 
*          1    00000d01    00000001     UNINITIALIZED
                  00000d01    00000001     F2837xS_GlobalVariableDefs.obj (EmuBModeVar)

FlashCallbackVar 
*          1    00000d02    00000000     UNINITIALIZED

FlashScalingVar 
*          1    00000d02    00000000     UNINITIALIZED

AdcaRegsFile 
*          1    00007400    00000080     UNINITIALIZED
                  00007400    00000080     F2837xS_GlobalVariableDefs.obj (AdcaRegsFile)

AdcbRegsFile 
*          1    00007480    00000080     UNINITIALIZED
                  00007480    00000080     F2837xS_GlobalVariableDefs.obj (AdcbRegsFile)

AdccRegsFile 
*          1    00007500    00000080     UNINITIALIZED
                  00007500    00000080     F2837xS_GlobalVariableDefs.obj (AdccRegsFile)

AdcdRegsFile 
*          1    00007580    00000080     UNINITIALIZED
                  00007580    00000080     F2837xS_GlobalVariableDefs.obj (AdcdRegsFile)

AnalogSubsysRegsFile 
*          1    0005d180    00000048     UNINITIALIZED
                  0005d180    00000048     F2837xS_GlobalVariableDefs.obj (AnalogSubsysRegsFile)

Cla1SoftIntRegsFile 
*          1    00000ce0    00000004     DSECT
                  00000ce0    00000004     F2837xS_GlobalVariableDefs.obj (Cla1SoftIntRegsFile)

Cmpss1RegsFile 
*          1    00005c80    00000020     UNINITIALIZED
                  00005c80    00000020     F2837xS_GlobalVariableDefs.obj (Cmpss1RegsFile)

Cmpss2RegsFile 
*          1    00005ca0    00000020     UNINITIALIZED
                  00005ca0    00000020     F2837xS_GlobalVariableDefs.obj (Cmpss2RegsFile)

Cmpss3RegsFile 
*          1    00005cc0    00000020     UNINITIALIZED
                  00005cc0    00000020     F2837xS_GlobalVariableDefs.obj (Cmpss3RegsFile)

Cmpss4RegsFile 
*          1    00005ce0    00000020     UNINITIALIZED
                  00005ce0    00000020     F2837xS_GlobalVariableDefs.obj (Cmpss4RegsFile)

Cmpss5RegsFile 
*          1    00005d00    00000020     UNINITIALIZED
                  00005d00    00000020     F2837xS_GlobalVariableDefs.obj (Cmpss5RegsFile)

Cmpss6RegsFile 
*          1    00005d20    00000020     UNINITIALIZED
                  00005d20    00000020     F2837xS_GlobalVariableDefs.obj (Cmpss6RegsFile)

Cmpss7RegsFile 
*          1    00005d40    00000020     UNINITIALIZED
                  00005d40    00000020     F2837xS_GlobalVariableDefs.obj (Cmpss7RegsFile)

Cmpss8RegsFile 
*          1    00005d60    00000020     UNINITIALIZED
                  00005d60    00000020     F2837xS_GlobalVariableDefs.obj (Cmpss8RegsFile)

Emif1RegsFile 
*          1    00047000    00000070     UNINITIALIZED
                  00047000    00000070     F2837xS_GlobalVariableDefs.obj (Emif1RegsFile)

Emif2RegsFile 
*          1    00047800    00000070     UNINITIALIZED
                  00047800    00000070     F2837xS_GlobalVariableDefs.obj (Emif2RegsFile)

FlashPumpSemaphoreRegsFile 
*          1    00050024    00000002     UNINITIALIZED
                  00050024    00000002     F2837xS_GlobalVariableDefs.obj (FlashPumpSemaphoreRegsFile)

RomPrefetchRegsFile 
*          1    0005e608    00000002     UNINITIALIZED
                  0005e608    00000002     F2837xS_GlobalVariableDefs.obj (RomPrefetchRegsFile)

DcsmZ1RegsFile 
*          1    0005f000    00000024     UNINITIALIZED
                  0005f000    00000024     F2837xS_GlobalVariableDefs.obj (DcsmZ1RegsFile)

DcsmZ2RegsFile 
*          1    0005f040    00000024     UNINITIALIZED
                  0005f040    00000024     F2837xS_GlobalVariableDefs.obj (DcsmZ2RegsFile)

DcsmCommonRegsFile 
*          1    0005f070    00000008     UNINITIALIZED
                  0005f070    00000008     F2837xS_GlobalVariableDefs.obj (DcsmCommonRegsFile)

MemCfgRegsFile 
*          1    0005f400    00000080     UNINITIALIZED
                  0005f400    00000080     F2837xS_GlobalVariableDefs.obj (MemCfgRegsFile)

Emif1ConfigRegsFile 
*          1    0005f480    00000020     UNINITIALIZED
                  0005f480    00000020     F2837xS_GlobalVariableDefs.obj (Emif1ConfigRegsFile)

Emif2ConfigRegsFile 
*          1    0005f4a0    00000020     UNINITIALIZED
                  0005f4a0    00000020     F2837xS_GlobalVariableDefs.obj (Emif2ConfigRegsFile)

AccessProtectionRegsFile 
*          1    0005f4c0    00000040     UNINITIALIZED
                  0005f4c0    00000040     F2837xS_GlobalVariableDefs.obj (AccessProtectionRegsFile)

MemoryErrorRegsFile 
*          1    0005f500    00000040     UNINITIALIZED
                  0005f500    00000040     F2837xS_GlobalVariableDefs.obj (MemoryErrorRegsFile)

RomWaitStateRegsFile 
*          1    0005f540    00000002     UNINITIALIZED
                  0005f540    00000002     F2837xS_GlobalVariableDefs.obj (RomWaitStateRegsFile)

Flash0CtrlRegsFile 
*          1    0005f800    00000182     UNINITIALIZED
                  0005f800    00000182     F2837xS_GlobalVariableDefs.obj (Flash0CtrlRegsFile)

Flash0EccRegsFile 
*          1    0005fb00    00000028     UNINITIALIZED
                  0005fb00    00000028     F2837xS_GlobalVariableDefs.obj (Flash0EccRegsFile)

Flash1CtrlRegsFile 
*          1    0005fc00    00000182     UNINITIALIZED
                  0005fc00    00000182     F2837xS_GlobalVariableDefs.obj (Flash1CtrlRegsFile)

Flash1EccRegsFile 
*          1    0005ff00    00000028     UNINITIALIZED
                  0005ff00    00000028     F2837xS_GlobalVariableDefs.obj (Flash1EccRegsFile)

DcsmZ1OtpFile 
*          1    00078000    00000020     NOLOAD SECTION
                  00078000    00000020     F2837xS_GlobalVariableDefs.obj (DcsmZ1OtpFile)

DcsmZ2OtpFile 
*          1    00078200    00000020     NOLOAD SECTION
                  00078200    00000020     F2837xS_GlobalVariableDefs.obj (DcsmZ2OtpFile)

DevCfgRegsFile 
*          1    0005d000    0000012e     UNINITIALIZED
                  0005d000    0000012e     F2837xS_GlobalVariableDefs.obj (DevCfgRegsFile)

ClkCfgRegsFile 
*          1    0005d200    00000032     UNINITIALIZED
                  0005d200    00000032     F2837xS_GlobalVariableDefs.obj (ClkCfgRegsFile)

CpuSysRegsFile 
*          1    0005d300    00000082     UNINITIALIZED
                  0005d300    00000082     F2837xS_GlobalVariableDefs.obj (CpuSysRegsFile)

.text      0    00008000    00001fc4     
                  00008000    00000d3c     MonoMtrServo.obj (.text)
                  00008d3c    00000585     F2837xS_DefaultISR.obj (.text:retain)
                  000092c1    00000299     F2837xS_SysCtrl.obj (.text)
                  0000955a    00000244     F2837xS_Gpio.obj (.text)
                  0000979e    0000020b     config.obj (.text)
                  000099a9    00000129     MonoMtrServo.obj (.text:retain)
                  00009ad2    00000111     rts2800_fpu32.lib : e_expf.c.obj (.text)
                  00009be3    000000f1     F2837xS_Adc.obj (.text)
                  00009cd4    000000db     DLOG_4CH_F.obj (.text)
                  00009daf    00000088     rts2800_fpu32.lib : fs_div28.asm.obj (.text)
                  00009e37    00000059                       : s_floorf.c.obj (.text)
                  00009e90    00000056                       : boot28.asm.obj (.text)
                  00009ee6    00000029                       : exit.c.obj (.text)
                  00009f0f    00000028     F2837xS_PieCtrl.obj (.text)
                  00009f37    00000026     F2837xS_PieVect.obj (.text)
                  00009f5d    00000024     rts2800_fpu32.lib : cpy_tbl.c.obj (.text)
                  00009f81    0000001d                       : memcpy.c.obj (.text)
                  00009f9e    00000012                       : args_main.c.obj (.text)
                  00009fb0    00000009                       : _lock.c.obj (.text)
                  00009fb9    00000008     F2837xS_CodeStartBranch.obj (.text)
                  00009fc1    00000002     rts2800_fpu32.lib : pre_init.c.obj (.text)
                  00009fc3    00000001                       : startup.c.obj (.text)

MODULE SUMMARY

       Module                           code   initialized data   uninitialized data
       ------                           ----   ----------------   ------------------
    .\
       F2837xS_GlobalVariableDefs.obj   0      0                  8437              
       MonoMtrServo.obj                 3685   1372               2928              
       F2837xS_DefaultISR.obj           1413   0                  0                 
       F2837xS_SysCtrl.obj              665    0                  0                 
       F2837xS_Gpio.obj                 580    0                  0                 
       config.obj                       523    0                  0                 
       F2837xS_PieVect.obj              38     448                0                 
       F2837xS_Adc.obj                  241    0                  0                 
       F2837xS_PieCtrl.obj              40     0                  0                 
       F2837xS_CodeStartBranch.obj      10     0                  0                 
       F2837xS_usDelay.obj              4      0                  0                 
    +--+--------------------------------+------+------------------+--------------------+
       Total:                           7199   1820               11365             
                                                                                    
    .\utility Src Files\
       DLOG_4CH_F.obj                   219    0                  0                 
    +--+--------------------------------+------+------------------+--------------------+
       Total:                           219    0                  0                 
                                                                                    
    C:\ti\ccs1010\ccs\tools\compiler\ti-cgt-c2000_20.2.1.LTS\lib\rts2800_fpu32.lib
       e_expf.c.obj                     273    28                 0                 
       fs_div28.asm.obj                 136    0                  0                 
       s_floorf.c.obj                   89     2                  0                 
       boot28.asm.obj                   86     0                  0                 
       exit.c.obj                       41     14                 6                 
       cpy_tbl.c.obj                    36     0                  0                 
       memcpy.c.obj                     29     0                  0                 
       _lock.c.obj                      9      10                 4                 
       args_main.c.obj                  18     0                  0                 
       errno.c.obj                      0      4                  1                 
       pre_init.c.obj                   2      0                  0                 
       startup.c.obj                    1      0                  0                 
    +--+--------------------------------+------+------------------+--------------------+
       Total:                           720    58                 11                
                                                                                    
       Stack:                           0      0                  896               
    +--+--------------------------------+------+------------------+--------------------+
       Grand Total:                     8138   1878               12272             


GLOBAL DATA SYMBOLS: SORTED BY DATA PAGE

address     data page           name
--------    ----------------    ----
00000400      10 (00000400)     __stack

00000b00      2c (00000b00)     _AdcaResultRegs
00000b20      2c (00000b00)     _AdcbResultRegs

00000b40      2d (00000b40)     _AdccResultRegs
00000b60      2d (00000b40)     _AdcdResultRegs

00000c00      30 (00000c00)     _CpuTimer0Regs
00000c08      30 (00000c00)     _CpuTimer1Regs
00000c10      30 (00000c00)     _CpuTimer2Regs

00000ce0      33 (00000cc0)     _Cla1SoftIntRegs
00000ce0      33 (00000cc0)     _PieCtrlRegs

00000d00      34 (00000d00)     _EmuKey
00000d00      34 (00000d00)     _PieVectTable
00000d01      34 (00000d00)     _EmuBMode

00001000      40 (00001000)     _DmaRegs

00001400      50 (00001400)     _Cla1Regs

00004000     100 (00004000)     _EPwm1Regs

00004100     104 (00004100)     _EPwm2Regs

00004200     108 (00004200)     _EPwm3Regs

00004300     10c (00004300)     _EPwm4Regs

00004400     110 (00004400)     _EPwm5Regs

00004500     114 (00004500)     _EPwm6Regs

00004600     118 (00004600)     _EPwm7Regs

00004700     11c (00004700)     _EPwm8Regs

00004800     120 (00004800)     _EPwm9Regs

00004900     124 (00004900)     _EPwm10Regs

00004a00     128 (00004a00)     _EPwm11Regs

00004b00     12c (00004b00)     _EPwm12Regs

00005000     140 (00005000)     _ECap1Regs
00005020     140 (00005000)     _ECap2Regs

00005040     141 (00005040)     _ECap3Regs
00005060     141 (00005040)     _ECap4Regs

00005080     142 (00005080)     _ECap5Regs
000050a0     142 (00005080)     _ECap6Regs

00005100     144 (00005100)     _EQep1Regs

00005140     145 (00005140)     _EQep2Regs

00005180     146 (00005180)     _EQep3Regs

00005c00     170 (00005c00)     _DacaRegs
00005c10     170 (00005c00)     _DacbRegs
00005c20     170 (00005c00)     _DaccRegs

00005c80     172 (00005c80)     _Cmpss1Regs
00005ca0     172 (00005c80)     _Cmpss2Regs

00005cc0     173 (00005cc0)     _Cmpss3Regs
00005ce0     173 (00005cc0)     _Cmpss4Regs

00005d00     174 (00005d00)     _Cmpss5Regs
00005d20     174 (00005d00)     _Cmpss6Regs

00005d40     175 (00005d40)     _Cmpss7Regs
00005d60     175 (00005d40)     _Cmpss8Regs

00005e00     178 (00005e00)     _Sdfm1Regs

00005e80     17a (00005e80)     _Sdfm2Regs

00006000     180 (00006000)     _McbspaRegs

00006040     181 (00006040)     _McbspbRegs

00006100     184 (00006100)     _SpiaRegs
00006110     184 (00006100)     _SpibRegs
00006120     184 (00006100)     _SpicRegs

00006200     188 (00006200)     _UppRegs

00007000     1c0 (00007000)     _WdRegs

00007060     1c1 (00007040)     _NmiIntruptRegs
00007070     1c1 (00007040)     _XintRegs

00007200     1c8 (00007200)     _SciaRegs
00007210     1c8 (00007200)     _ScibRegs
00007220     1c8 (00007200)     _ScicRegs
00007230     1c8 (00007200)     _ScidRegs

00007300     1cc (00007300)     _I2caRegs

00007340     1cd (00007340)     _I2cbRegs

00007400     1d0 (00007400)     _AdcaRegs

00007480     1d2 (00007480)     _AdcbRegs

00007500     1d4 (00007500)     _AdccRegs

00007580     1d6 (00007580)     _AdcdRegs

00007900     1e4 (00007900)     _InputXbarRegs
00007920     1e4 (00007900)     _XbarRegs

00007940     1e5 (00007940)     _SyncSocRegs

00007980     1e6 (00007980)     _DmaClaSrcSelRegs

00007a00     1e8 (00007a00)     _EPwmXbarRegs

00007a80     1ea (00007a80)     _OutputXbarRegs

00007c00     1f0 (00007c00)     _GpioCtrlRegs

00007f00     1fc (00007f00)     _GpioDataRegs

0000b000     2c0 (0000b000)     _SerialCommsTimer
0000b001     2c0 (0000b000)     _PeriodMax
0000b002     2c0 (0000b000)     _EnableFlag
0000b003     2c0 (0000b000)     _BackTicker
0000b004     2c0 (0000b000)     _LedCnt
0000b005     2c0 (0000b000)     _OffsetCalCounter
0000b006     2c0 (0000b000)     _ResetSW
0000b007     2c0 (0000b000)     _ADSW
0000b008     2c0 (0000b000)     _ADdebugSW
0000b009     2c0 (0000b000)     _PLLSW
0000b00a     2c0 (0000b000)     _f_emf_comp
0000b00b     2c0 (0000b000)     _VcObsSW
0000b00c     2c0 (0000b000)     _IcObsSW
0000b00d     2c0 (0000b000)     _IcObsFullSW
0000b00e     2c0 (0000b000)     _VcObsFullSW
0000b00f     2c0 (0000b000)     _SPEEDSW
0000b010     2c0 (0000b000)     _PWMCOMPSW
0000b011     2c0 (0000b000)     _ptrMax
0000b012     2c0 (0000b000)     _ptr1
0000b013     2c0 (0000b000)     _DRV_RESET
0000b016     2c0 (0000b000)     _VCM_AMP
0000b018     2c0 (0000b000)     _spd_lpf_cnt
0000b01a     2c0 (0000b000)     _voluse
0000b01c     2c0 (0000b000)     _Alpha_State_Ptr
0000b01e     2c0 (0000b000)     _A_Task_Ptr
0000b020     2c0 (0000b000)     _B_Task_Ptr
0000b022     2c0 (0000b000)     _C_Task_Ptr
0000b024     2c0 (0000b000)     _adc_cal
0000b026     2c0 (0000b000)     _Tmp
0000b028     2c0 (0000b000)     _IsrTicker
0000b02a     2c0 (0000b000)     _AdcIsrTicker
0000b02c     2c0 (0000b000)     _K1
0000b02e     2c0 (0000b000)     _K2
0000b030     2c0 (0000b000)     _cal_filt_gain
0000b032     2c0 (0000b000)     _Vd
0000b034     2c0 (0000b000)     _Vq
0000b036     2c0 (0000b000)     _Vtotal
0000b038     2c0 (0000b000)     _Id
0000b03a     2c0 (0000b000)     _Iq
0000b03c     2c0 (0000b000)     _Itotal
0000b03e     2c0 (0000b000)     _speed_hat

0000b040     2c1 (0000b040)     _speed_hat_old
0000b042     2c1 (0000b040)     _speed_lpf
0000b044     2c1 (0000b040)     _speed_lpf_old
0000b046     2c1 (0000b040)     _theta_hat
0000b048     2c1 (0000b040)     _theta_err
0000b04a     2c1 (0000b040)     _Kp_o
0000b04c     2c1 (0000b040)     _R_hat
0000b04e     2c1 (0000b040)     _L_hat
0000b050     2c1 (0000b040)     _wL_f
0000b052     2c1 (0000b040)     _wL_pu
0000b054     2c1 (0000b040)     _w_pu100
0000b056     2c1 (0000b040)     _emf_d
0000b058     2c1 (0000b040)     _emf_q
0000b05a     2c1 (0000b040)     _Vd_cff_wLd
0000b05c     2c1 (0000b040)     _Vq_cff_wLd
0000b05e     2c1 (0000b040)     _wT_pu
0000b060     2c1 (0000b040)     _Amplitude_pwm
0000b062     2c1 (0000b040)     _Id_dis_ref
0000b064     2c1 (0000b040)     _Iq_dis_ref
0000b066     2c1 (0000b040)     _Id_dis_err
0000b068     2c1 (0000b040)     _Iq_dis_err
0000b06a     2c1 (0000b040)     _Id_dis_err_old
0000b06c     2c1 (0000b040)     _Iq_dis_err_old
0000b06e     2c1 (0000b040)     _Vd_dis_RToverL
0000b070     2c1 (0000b040)     _Vq_dis_RToverL
0000b072     2c1 (0000b040)     _Vd_dis_K
0000b074     2c1 (0000b040)     _Vq_dis_K
0000b076     2c1 (0000b040)     _Vd_dis_K_debug
0000b078     2c1 (0000b040)     _Vq_dis_K_debug
0000b07a     2c1 (0000b040)     _Exp_N_RToverL
0000b07c     2c1 (0000b040)     _BW_CC_dis
0000b07e     2c1 (0000b040)     _kT

0000b080     2c2 (0000b080)     _Aphase_cur
0000b082     2c2 (0000b080)     _Bphase_cur
0000b084     2c2 (0000b080)     _Ic_d_PWM_old
0000b086     2c2 (0000b080)     _Ic_q_PWM_old
0000b088     2c2 (0000b080)     _Ic_alpha_old
0000b08a     2c2 (0000b080)     _Ic_beta_old
0000b08c     2c2 (0000b080)     _Kp_cc_T
0000b08e     2c2 (0000b080)     _Ang_comp_2
0000b090     2c2 (0000b080)     _Ang_comp
0000b092     2c2 (0000b080)     _k
0000b094     2c2 (0000b080)     _wc
0000b096     2c2 (0000b080)     _kc1
0000b098     2c2 (0000b080)     _wc1
0000b09a     2c2 (0000b080)     _IdRef_start
0000b09c     2c2 (0000b080)     _IdRef_run
0000b09e     2c2 (0000b080)     _cntr1
0000b0a0     2c2 (0000b080)     _posSlewRate
0000b0a2     2c2 (0000b080)     _DlogCh1
0000b0a4     2c2 (0000b080)     _DlogCh2
0000b0a6     2c2 (0000b080)     _DlogCh3
0000b0a8     2c2 (0000b080)     _DlogCh4

0000b0c0     2c3 (0000b0c0)     _dlog_4ch1

0000b100     2c4 (0000b100)     _emf

0000b140     2c5 (0000b140)     _motor1

0000b514     2d4 (0000b500)     _posArray
0000b524     2d4 (0000b500)     ___TI_enable_exit_profile_output
0000b526     2d4 (0000b500)     ___TI_cleanup_ptr
0000b528     2d4 (0000b500)     ___TI_dtors_ptr
0000b52a     2d4 (0000b500)     _VTimer0
0000b52e     2d4 (0000b500)     _VTimer1
0000b532     2d4 (0000b500)     _VTimer2
0000b536     2d4 (0000b500)     __lock
0000b538     2d4 (0000b500)     __unlock
0000b53a     2d4 (0000b500)     _errno

0000b540     2d5 (0000b540)     _DBUFF_4CH1

0000b700     2dc (0000b700)     _DBUFF_4CH2

0000b8c0     2e3 (0000b8c0)     _DBUFF_4CH3

0000ba80     2ea (0000ba80)     _DBUFF_4CH4

0000bc10     2f0 (0000bc00)     _PieVectTableInit

00047000    11c0 (00047000)     _Emif1Regs

00047800    11e0 (00047800)     _Emif2Regs

00050024    1400 (00050000)     _FlashPumpSemaphoreRegs

0005d000    1740 (0005d000)     _DevCfgRegs

0005d180    1746 (0005d180)     _AnalogSubsysRegs

0005d200    1748 (0005d200)     _ClkCfgRegs

0005d300    174c (0005d300)     _CpuSysRegs

0005e608    1798 (0005e600)     _RomPrefetchRegs

0005f000    17c0 (0005f000)     _DcsmZ1Regs

0005f040    17c1 (0005f040)     _DcsmZ2Regs
0005f070    17c1 (0005f040)     _DcsmCommonRegs

0005f400    17d0 (0005f400)     _MemCfgRegs

0005f480    17d2 (0005f480)     _Emif1ConfigRegs
0005f4a0    17d2 (0005f480)     _Emif2ConfigRegs

0005f4c0    17d3 (0005f4c0)     _AccessProtectionRegs

0005f500    17d4 (0005f500)     _MemoryErrorRegs

0005f540    17d5 (0005f540)     _RomWaitStateRegs

0005f800    17e0 (0005f800)     _Flash0CtrlRegs

0005fb00    17ec (0005fb00)     _Flash0EccRegs

0005fc00    17f0 (0005fc00)     _Flash1CtrlRegs

0005ff00    17fc (0005ff00)     _Flash1EccRegs

00078000    1e00 (00078000)     _DcsmZ1Otp

00078200    1e08 (00078200)     _DcsmZ2Otp


GLOBAL SYMBOLS: SORTED ALPHABETICALLY BY Name 

page  address   name                                  
----  -------   ----                                  
abs   ffffffff  .text                                 
0     00009ee6  C$$EXIT                               
0     00009daf  FS$$DIV                               
0     00008cb6  _A0                                   
0     00008cfb  _A1                                   
0     00008d01  _A2                                   
0     00008d07  _A3                                   
0     00008dfa  _ADCA1_ISR                            
0     0000907a  _ADCA2_ISR                            
0     00009084  _ADCA3_ISR                            
0     0000908e  _ADCA4_ISR                            
0     00009070  _ADCA_EVT_ISR                         
0     00008e04  _ADCB1_ISR                            
0     000090a2  _ADCB2_ISR                            
0     000090ac  _ADCB3_ISR                            
0     000090b6  _ADCB4_ISR                            
0     00009098  _ADCB_EVT_ISR                         
0     00008e0e  _ADCC1_ISR                            
0     0000920a  _ADCC2_ISR                            
0     00009214  _ADCC3_ISR                            
0     0000921e  _ADCC4_ISR                            
0     00009200  _ADCC_EVT_ISR                         
0     00008e2c  _ADCD1_ISR                            
0     00009232  _ADCD2_ISR                            
0     0000923c  _ADCD3_ISR                            
0     00009246  _ADCD4_ISR                            
0     00009228  _ADCD_EVT_ISR                         
1     0000b007  _ADSW                                 
1     0000b008  _ADdebugSW                            
0     00009282  _AUX_PLL_SLIP_ISR                     
1     0000b01e  _A_Task_Ptr                           
1     0005f4c0  _AccessProtectionRegs                 
1     0000b02a  _AdcIsrTicker                         
0     00009be3  _AdcSetMode                           
1     00007400  _AdcaRegs                             
1     00000b00  _AdcaResultRegs                       
1     00007480  _AdcbRegs                             
1     00000b20  _AdcbResultRegs                       
1     00007500  _AdccRegs                             
1     00000b40  _AdccResultRegs                       
1     00007580  _AdcdRegs                             
1     00000b60  _AdcdResultRegs                       
1     0000b01c  _Alpha_State_Ptr                      
1     0000b060  _Amplitude_pwm                        
1     0005d180  _AnalogSubsysRegs                     
1     0000b090  _Ang_comp                             
1     0000b08e  _Ang_comp_2                           
1     0000b080  _Aphase_cur                           
0     00009517  _AuxAuxClkSel                         
0     00009501  _AuxIntOsc2Sel                        
0     0000950b  _AuxXtalOscSel                        
0     00008ccf  _B0                                   
0     00008d0d  _B1                                   
0     00008d13  _B2                                   
0     00008d19  _B3                                   
1     0000b07c  _BW_CC_dis                            
1     0000b020  _B_Task_Ptr                           
1     0000b003  _BackTicker                           
1     0000b082  _Bphase_cur                           
0     00008ce5  _C0                                   
0     00008d1f  _C1                                   
0     00008d28  _C2                                   
0     00008d2e  _C3                                   
0     00009048  _CANA0_ISR                            
0     00009052  _CANA1_ISR                            
0     0000905c  _CANB0_ISR                            
0     00009066  _CANB1_ISR                            
0     000090c0  _CLA1_1_ISR                           
0     000090ca  _CLA1_2_ISR                           
0     000090d4  _CLA1_3_ISR                           
0     000090de  _CLA1_4_ISR                           
0     000090e8  _CLA1_5_ISR                           
0     000090f2  _CLA1_6_ISR                           
0     000090fc  _CLA1_7_ISR                           
0     00009106  _CLA1_8_ISR                           
0     0000928c  _CLA_OVERFLOW_ISR                     
0     00009296  _CLA_UNDERFLOW_ISR                    
1     0000b022  _C_Task_Ptr                           
0     00009c9a  _CalAdcINL                            
1     00001400  _Cla1Regs                             
0     00000ce0  _Cla1SoftIntRegs                      
1     0005d200  _ClkCfgRegs                           
1     00005c80  _Cmpss1Regs                           
1     00005ca0  _Cmpss2Regs                           
1     00005cc0  _Cmpss3Regs                           
1     00005ce0  _Cmpss4Regs                           
1     00005d00  _Cmpss5Regs                           
1     00005d20  _Cmpss6Regs                           
1     00005d40  _Cmpss7Regs                           
1     00005d60  _Cmpss8Regs                           
0     00009860  _ConfigureADC                         
1     0005d300  _CpuSysRegs                           
1     00000c00  _CpuTimer0Regs                        
1     00000c08  _CpuTimer1Regs                        
1     00000c10  _CpuTimer2Regs                        
0     000094c0  _CsmUnlock                            
0     00008d50  _DATALOG_ISR                          
1     0000b540  _DBUFF_4CH1                           
1     0000b700  _DBUFF_4CH2                           
1     0000b8c0  _DBUFF_4CH3                           
1     0000ba80  _DBUFF_4CH4                           
0     00009d10  _DLOG_4CH_F_FUNC                      
0     00009cd4  _DLOG_4CH_F_init                      
0     00008f94  _DMA_CH1_ISR                          
0     00008f9e  _DMA_CH2_ISR                          
0     00008fa8  _DMA_CH3_ISR                          
0     00008fb2  _DMA_CH4_ISR                          
0     00008fbc  _DMA_CH5_ISR                          
0     00008fc6  _DMA_CH6_ISR                          
0     00008838  _DMC1_Protection                      
1     0000b013  _DRV_RESET                            
1     00005c00  _DacaRegs                             
1     00005c10  _DacbRegs                             
1     00005c20  _DaccRegs                             
1     0005f070  _DcsmCommonRegs                       
1     00078000  _DcsmZ1Otp                            
1     0005f000  _DcsmZ1Regs                           
1     00078200  _DcsmZ2Otp                            
1     0005f040  _DcsmZ2Regs                           
1     0005d000  _DevCfgRegs                           
0     0000939c  _DisableDog                           
0     00009376  _DisablePeripheralClocks              
1     0000b0a2  _DlogCh1                              
1     0000b0a4  _DlogCh2                              
1     0000b0a6  _DlogCh3                              
1     0000b0a8  _DlogCh4                              
1     00007980  _DmaClaSrcSelRegs                     
1     00001000  _DmaRegs                              
0     00008eea  _ECAP1_ISR                            
0     00008ef4  _ECAP2_ISR                            
0     00008efe  _ECAP3_ISR                            
0     00008f08  _ECAP4_ISR                            
0     00008f12  _ECAP5_ISR                            
0     00008f1c  _ECAP6_ISR                            
1     00005000  _ECap1Regs                            
1     00005020  _ECap2Regs                            
1     00005040  _ECap3Regs                            
1     00005060  _ECap4Regs                            
1     00005080  _ECap5Regs                            
1     000050a0  _ECap6Regs                            
0     00009250  _EMIF_ERROR_ISR                       
0     000092aa  _EMPTY_ISR                            
0     00008d64  _EMU_ISR                              
0     000091a6  _EPWM10_ISR                           
0     0000917e  _EPWM10_TZ_ISR                        
0     000091b0  _EPWM11_ISR                           
0     00009188  _EPWM11_TZ_ISR                        
0     000091ba  _EPWM12_ISR                           
0     00009192  _EPWM12_TZ_ISR                        
0     00008e9a  _EPWM1_ISR                            
0     00008e4a  _EPWM1_TZ_ISR                         
0     00008ea4  _EPWM2_ISR                            
0     00008e54  _EPWM2_TZ_ISR                         
0     00008eae  _EPWM3_ISR                            
0     00008e5e  _EPWM3_TZ_ISR                         
0     00008eb8  _EPWM4_ISR                            
0     00008e68  _EPWM4_TZ_ISR                         
0     00008ec2  _EPWM5_ISR                            
0     00008e72  _EPWM5_TZ_ISR                         
0     00008ecc  _EPWM6_ISR                            
0     00008e7c  _EPWM6_TZ_ISR                         
0     00008ed6  _EPWM7_ISR                            
0     00008e86  _EPWM7_TZ_ISR                         
0     00008ee0  _EPWM8_ISR                            
0     00008e90  _EPWM8_TZ_ISR                         
0     0000919c  _EPWM9_ISR                            
0     00009174  _EPWM9_TZ_ISR                         
1     00004900  _EPwm10Regs                           
1     00004a00  _EPwm11Regs                           
1     00004b00  _EPwm12Regs                           
1     00004000  _EPwm1Regs                            
1     00004100  _EPwm2Regs                            
1     00004200  _EPwm3Regs                            
1     00004300  _EPwm4Regs                            
1     00004400  _EPwm5Regs                            
1     00004500  _EPwm6Regs                            
1     00004600  _EPwm7Regs                            
1     00004700  _EPwm8Regs                            
1     00004800  _EPwm9Regs                            
1     00007a00  _EPwmXbarRegs                         
0     00008f26  _EQEP1_ISR                            
0     00008f30  _EQEP2_ISR                            
0     00008f3a  _EQEP3_ISR                            
1     00005100  _EQep1Regs                            
1     00005140  _EQep2Regs                            
1     00005180  _EQep3Regs                            
1     0005f480  _Emif1ConfigRegs                      
1     00047000  _Emif1Regs                            
1     0005f4a0  _Emif2ConfigRegs                      
1     00047800  _Emif2Regs                            
1     00000d01  _EmuBMode                             
1     00000d00  _EmuKey                               
1     0000b002  _EnableFlag                           
0     00009f2e  _EnableInterrupts                     
1     0000b07a  _Exp_N_RToverL                        
0     00000122  _F28x_usDelay                         
0     00009264  _FLASH_CORRECTABLE_ERROR_ISR          
0     00009138  _FPU_OVERFLOW_ISR                     
0     00009142  _FPU_UNDERFLOW_ISR                    
1     0005f800  _Flash0CtrlRegs                       
1     0005fb00  _Flash0EccRegs                        
1     0005fc00  _Flash1CtrlRegs                       
1     0005ff00  _Flash1EccRegs                        
1     00050024  _FlashPumpSemaphoreRegs               
0     00009753  _GPIO_EnableUnbondedIOPullups         
0     0000972e  _GPIO_EnableUnbondedIOPullupsFor100Pin
0     00009715  _GPIO_EnableUnbondedIOPullupsFor176Pin
0     00009769  _GPIO_ReadPin                         
0     000096ba  _GPIO_SetupLock                       
0     0000959a  _GPIO_SetupPinMux                     
0     00009626  _GPIO_SetupPinOptions                 
0     000096e3  _GPIO_SetupXINT1Gpio                  
0     000096ed  _GPIO_SetupXINT2Gpio                  
0     000096f7  _GPIO_SetupXINT3Gpio                  
0     00009701  _GPIO_SetupXINT4Gpio                  
0     0000970b  _GPIO_SetupXINT5Gpio                  
0     000088ff  _GPIO_TogglePin                       
0     00009780  _GPIO_WritePin                        
1     00007c00  _GpioCtrlRegs                         
1     00007f00  _GpioDataRegs                         
0     00009535  _HALT                                 
0     00009546  _HIB                                  
0     00008fda  _I2CA_FIFO_ISR                        
0     00008fd0  _I2CA_ISR                             
0     00008fee  _I2CB_FIFO_ISR                        
0     00008fe4  _I2CB_ISR                             
1     00007300  _I2caRegs                             
1     00007340  _I2cbRegs                             
0     00009521  _IDLE                                 
0     00008d78  _ILLEGAL_ISR                          
0     0000914c  _IPC0_ISR                             
0     00009156  _IPC1_ISR                             
0     00009160  _IPC2_ISR                             
0     0000916a  _IPC3_ISR                             
1     0000b00d  _IcObsFullSW                          
1     0000b00c  _IcObsSW                              
1     0000b088  _Ic_alpha_old                         
1     0000b08a  _Ic_beta_old                          
1     0000b084  _Ic_d_PWM_old                         
1     0000b086  _Ic_q_PWM_old                         
1     0000b038  _Id                                   
1     0000b09c  _IdRef_run                            
1     0000b09a  _IdRef_start                          
1     0000b066  _Id_dis_err                           
1     0000b06a  _Id_dis_err_old                       
1     0000b062  _Id_dis_ref                           
0     0000942e  _InitAuxPll                           
0     0000955a  _InitGpio                             
0     0000979e  _InitMotor1EPwmGpio                   
0     000097ca  _InitMotor1EQepGpio                   
0     000097e9  _InitMotor1SpiGpio                    
0     00009812  _InitMotor1_DRV_Gpio                  
0     000092f2  _InitPeripheralClocks                 
0     00009f0f  _InitPieCtrl                          
0     00009f37  _InitPieVectTable                     
0     0000997e  _InitSpiRegs_DRV830x                  
0     000092c1  _InitSysCtrl                          
0     0000982f  _InitSysCtrl1                         
0     000093aa  _InitSysPll                           
1     00007900  _InputXbarRegs                        
1     0000b03a  _Iq                                   
1     0000b068  _Iq_dis_err                           
1     0000b06c  _Iq_dis_err_old                       
1     0000b064  _Iq_dis_ref                           
1     0000b028  _IsrTicker                            
1     0000b03c  _Itotal                               
1     0000b02c  _K1                                   
1     0000b02e  _K2                                   
1     0000b08c  _Kp_cc_T                              
1     0000b04a  _Kp_o                                 
1     0000b04e  _L_hat                                
1     0000b004  _LedCnt                               
0     00008f6c  _MCBSPA_RX_ISR                        
0     00008f76  _MCBSPA_TX_ISR                        
0     00008f80  _MCBSPB_RX_ISR                        
0     00008f8a  _MCBSPB_TX_ISR                        
1     00006000  _McbspaRegs                           
1     00006040  _McbspbRegs                           
1     0005f400  _MemCfgRegs                           
1     0005f500  _MemoryErrorRegs                      
0     000099a9  _MotorControlISR                      
0     00008d6e  _NMI_ISR                              
0     000092b7  _NOTUSED_ISR                          
1     00007060  _NmiIntruptRegs                       
1     0000b005  _OffsetCalCounter                     
0     000099d7  _OffsetISR                            
1     00007a80  _OutputXbarRegs                       
0     000092a0  _PIE_RESERVED_ISR                     
1     0000b009  _PLLSW                                
1     0000b010  _PWMCOMPSW                            
0     000098b6  _PWM_1ch_UpDwnCnt_CNF                 
0     00009923  _PWM_1ch_UpDwnCnt_CNF_noDB            
1     0000b001  _PeriodMax                            
1     00000ce0  _PieCtrlRegs                          
1     00000d00  _PieVectTable                         
1     0000bc10  _PieVectTableInit                     
0     000087e4  _PwmTripConfig                        
0     0000926e  _RAM_ACCESS_VIOLATION_ISR             
0     0000925a  _RAM_CORRECTABLE_ERROR_ISR            
0     00008d5a  _RTOS_ISR                             
1     0000b04c  _R_hat                                
1     0000b006  _ResetSW                              
1     0005e608  _RomPrefetchRegs                      
1     0005f540  _RomWaitStateRegs                     
0     00009020  _SCIA_RX_ISR                          
0     0000902a  _SCIA_TX_ISR                          
0     00009034  _SCIB_RX_ISR                          
0     0000903e  _SCIB_TX_ISR                          
0     00008ff8  _SCIC_RX_ISR                          
0     00009002  _SCIC_TX_ISR                          
0     0000900c  _SCID_RX_ISR                          
0     00009016  _SCID_TX_ISR                          
0     000091c4  _SD1_ISR                              
0     000091ce  _SD2_ISR                              
1     0000b00f  _SPEEDSW                              
0     00008f44  _SPIA_RX_ISR                          
0     00008f4e  _SPIA_TX_ISR                          
0     00008f58  _SPIB_RX_ISR                          
0     00008f62  _SPIB_TX_ISR                          
0     000091d8  _SPIC_RX_ISR                          
0     000091e2  _SPIC_TX_ISR                          
0     0000952a  _STANDBY                              
0     00009278  _SYS_PLL_SLIP_ISR                     
1     00007200  _SciaRegs                             
1     00007210  _ScibRegs                             
1     00007220  _ScicRegs                             
1     00007230  _ScidRegs                             
1     00005e00  _Sdfm1Regs                            
1     00005e80  _Sdfm2Regs                            
1     0000b000  _SerialCommsTimer                     
0     0000938e  _ServiceDog                           
1     00006100  _SpiaRegs                             
1     00006110  _SpibRegs                             
1     00006120  _SpicRegs                             
1     00007940  _SyncSocRegs                          
0     000094e1  _SysIntOsc1Sel                        
0     000094eb  _SysIntOsc2Sel                        
0     000094f5  _SysXtalOscSel                        
0     00008e36  _TIMER0_ISR                           
0     00008d3c  _TIMER1_ISR                           
0     00008d46  _TIMER2_ISR                           
1     0000b026  _Tmp                                  
0     000091ec  _UPPA_ISR                             
0     000091f6  _USBA_ISR                             
0     00008ddc  _USER10_ISR                           
0     00008de6  _USER11_ISR                           
0     00008df0  _USER12_ISR                           
0     00008d82  _USER1_ISR                            
0     00008d8c  _USER2_ISR                            
0     00008d96  _USER3_ISR                            
0     00008da0  _USER4_ISR                            
0     00008daa  _USER5_ISR                            
0     00008db4  _USER6_ISR                            
0     00008dbe  _USER7_ISR                            
0     00008dc8  _USER8_ISR                            
0     00008dd2  _USER9_ISR                            
1     00006200  _UppRegs                              
1     0000b016  _VCM_AMP                              
0     0000912e  _VCU_ISR                              
1     0000b52a  _VTimer0                              
1     0000b52e  _VTimer1                              
1     0000b532  _VTimer2                              
1     0000b00e  _VcObsFullSW                          
1     0000b00b  _VcObsSW                              
1     0000b032  _Vd                                   
1     0000b05a  _Vd_cff_wLd                           
1     0000b072  _Vd_dis_K                             
1     0000b076  _Vd_dis_K_debug                       
1     0000b06e  _Vd_dis_RToverL                       
1     0000b034  _Vq                                   
1     0000b05c  _Vq_cff_wLd                           
1     0000b074  _Vq_dis_K                             
1     0000b078  _Vq_dis_K_debug                       
1     0000b070  _Vq_dis_RToverL                       
1     0000b036  _Vtotal                               
0     00008e40  _WAKE_ISR                             
1     00007000  _WdRegs                               
0     00008e18  _XINT1_ISR                            
0     00008e22  _XINT2_ISR                            
0     00009110  _XINT3_ISR                            
0     0000911a  _XINT4_ISR                            
0     00009124  _XINT5_ISR                            
1     00007920  _XbarRegs                             
1     00007070  _XintRegs                             
0     000087a1  __IQexp_cpx                           
1     00000780  __STACK_END                           
abs   00000380  __STACK_SIZE                          
1     0000b526  ___TI_cleanup_ptr                     
1     0000b528  ___TI_dtors_ptr                       
1     0000b524  ___TI_enable_exit_profile_output      
abs   ffffffff  ___TI_pprof_out_hndl                  
abs   ffffffff  ___TI_prof_data_size                  
abs   ffffffff  ___TI_prof_data_start                 
abs   ffffffff  ___binit__                            
abs   ffffffff  ___c_args__                           
0     00010000  ___cinit__                            
abs   ffffffff  ___etext__                            
abs   ffffffff  ___pinit__                            
abs   ffffffff  ___text__                             
0     00009f9e  __args_main                           
1     0000b536  __lock                                
0     00009fb8  __nop                                 
0     00009fb4  __register_lock                       
0     00009fb0  __register_unlock                     
1     00000400  __stack                               
0     00009fc3  __system_post_cinit                   
0     00009fc1  __system_pre_init                     
1     0000b538  __unlock                              
0     00009ee6  _abort                                
1     0000b024  _adc_cal                              
0     00009e90  _c_int00                              
1     0000b030  _cal_filt_gain                        
1     0000b09e  _cntr1                                
0     00009f5d  _copy_in                              
0     000087d4  _cpx_0                                
0     000086ad  _cpx_add                              
0     0000873a  _cpx_div                              
0     00008703  _cpx_mpy                              
0     000086d8  _cpx_sub                              
1     0000b0c0  _dlog_4ch1                            
1     0000b100  _emf                                  
1     0000b056  _emf_d                                
1     0000b058  _emf_q                                
1     0000b53a  _errno                                
0     00009ee8  _exit                                 
0     00009ad2  _exp                                  
0     00009ad2  _expf                                 
1     0000b00a  _f_emf_comp                           
0     00009e37  _floor                                
0     00009e37  _floorf                               
1     0000b092  _k                                    
1     0000b07e  _kT                                   
1     0000b096  _kc1                                  
0     00008916  _main                                 
0     00009f81  _memcpy                               
1     0000b140  _motor1                               
1     0000b514  _posArray                             
1     0000b0a0  _posSlewRate                          
1     0000b012  _ptr1                                 
1     0000b011  _ptrMax                               
0     00008850  _ramper                               
0     00008880  _ramper_speed                         
0     000088c6  _refPosGen                            
1     0000b018  _spd_lpf_cnt                          
1     0000b03e  _speed_hat                            
1     0000b040  _speed_hat_old                        
1     0000b042  _speed_lpf                            
1     0000b044  _speed_lpf_old                        
1     0000b048  _theta_err                            
1     0000b046  _theta_hat                            
1     0000b01a  _voluse                               
1     0000b050  _wL_f                                 
1     0000b052  _wL_pu                                
1     0000b05e  _wT_pu                                
1     0000b054  _w_pu100                              
1     0000b094  _wc                                   
1     0000b098  _wc1                                  
abs   ffffffff  binit                                 
0     00010000  cinit                                 
0     00000000  code_start                            
abs   ffffffff  etext                                 
abs   ffffffff  pinit                                 


GLOBAL SYMBOLS: SORTED BY Symbol Address 

page  address   name                                  
----  -------   ----                                  
0     00000000  code_start                            
0     00000122  _F28x_usDelay                         
0     00000ce0  _Cla1SoftIntRegs                      
0     000086ad  _cpx_add                              
0     000086d8  _cpx_sub                              
0     00008703  _cpx_mpy                              
0     0000873a  _cpx_div                              
0     000087a1  __IQexp_cpx                           
0     000087d4  _cpx_0                                
0     000087e4  _PwmTripConfig                        
0     00008838  _DMC1_Protection                      
0     00008850  _ramper                               
0     00008880  _ramper_speed                         
0     000088c6  _refPosGen                            
0     000088ff  _GPIO_TogglePin                       
0     00008916  _main                                 
0     00008cb6  _A0                                   
0     00008ccf  _B0                                   
0     00008ce5  _C0                                   
0     00008cfb  _A1                                   
0     00008d01  _A2                                   
0     00008d07  _A3                                   
0     00008d0d  _B1                                   
0     00008d13  _B2                                   
0     00008d19  _B3                                   
0     00008d1f  _C1                                   
0     00008d28  _C2                                   
0     00008d2e  _C3                                   
0     00008d3c  _TIMER1_ISR                           
0     00008d46  _TIMER2_ISR                           
0     00008d50  _DATALOG_ISR                          
0     00008d5a  _RTOS_ISR                             
0     00008d64  _EMU_ISR                              
0     00008d6e  _NMI_ISR                              
0     00008d78  _ILLEGAL_ISR                          
0     00008d82  _USER1_ISR                            
0     00008d8c  _USER2_ISR                            
0     00008d96  _USER3_ISR                            
0     00008da0  _USER4_ISR                            
0     00008daa  _USER5_ISR                            
0     00008db4  _USER6_ISR                            
0     00008dbe  _USER7_ISR                            
0     00008dc8  _USER8_ISR                            
0     00008dd2  _USER9_ISR                            
0     00008ddc  _USER10_ISR                           
0     00008de6  _USER11_ISR                           
0     00008df0  _USER12_ISR                           
0     00008dfa  _ADCA1_ISR                            
0     00008e04  _ADCB1_ISR                            
0     00008e0e  _ADCC1_ISR                            
0     00008e18  _XINT1_ISR                            
0     00008e22  _XINT2_ISR                            
0     00008e2c  _ADCD1_ISR                            
0     00008e36  _TIMER0_ISR                           
0     00008e40  _WAKE_ISR                             
0     00008e4a  _EPWM1_TZ_ISR                         
0     00008e54  _EPWM2_TZ_ISR                         
0     00008e5e  _EPWM3_TZ_ISR                         
0     00008e68  _EPWM4_TZ_ISR                         
0     00008e72  _EPWM5_TZ_ISR                         
0     00008e7c  _EPWM6_TZ_ISR                         
0     00008e86  _EPWM7_TZ_ISR                         
0     00008e90  _EPWM8_TZ_ISR                         
0     00008e9a  _EPWM1_ISR                            
0     00008ea4  _EPWM2_ISR                            
0     00008eae  _EPWM3_ISR                            
0     00008eb8  _EPWM4_ISR                            
0     00008ec2  _EPWM5_ISR                            
0     00008ecc  _EPWM6_ISR                            
0     00008ed6  _EPWM7_ISR                            
0     00008ee0  _EPWM8_ISR                            
0     00008eea  _ECAP1_ISR                            
0     00008ef4  _ECAP2_ISR                            
0     00008efe  _ECAP3_ISR                            
0     00008f08  _ECAP4_ISR                            
0     00008f12  _ECAP5_ISR                            
0     00008f1c  _ECAP6_ISR                            
0     00008f26  _EQEP1_ISR                            
0     00008f30  _EQEP2_ISR                            
0     00008f3a  _EQEP3_ISR                            
0     00008f44  _SPIA_RX_ISR                          
0     00008f4e  _SPIA_TX_ISR                          
0     00008f58  _SPIB_RX_ISR                          
0     00008f62  _SPIB_TX_ISR                          
0     00008f6c  _MCBSPA_RX_ISR                        
0     00008f76  _MCBSPA_TX_ISR                        
0     00008f80  _MCBSPB_RX_ISR                        
0     00008f8a  _MCBSPB_TX_ISR                        
0     00008f94  _DMA_CH1_ISR                          
0     00008f9e  _DMA_CH2_ISR                          
0     00008fa8  _DMA_CH3_ISR                          
0     00008fb2  _DMA_CH4_ISR                          
0     00008fbc  _DMA_CH5_ISR                          
0     00008fc6  _DMA_CH6_ISR                          
0     00008fd0  _I2CA_ISR                             
0     00008fda  _I2CA_FIFO_ISR                        
0     00008fe4  _I2CB_ISR                             
0     00008fee  _I2CB_FIFO_ISR                        
0     00008ff8  _SCIC_RX_ISR                          
0     00009002  _SCIC_TX_ISR                          
0     0000900c  _SCID_RX_ISR                          
0     00009016  _SCID_TX_ISR                          
0     00009020  _SCIA_RX_ISR                          
0     0000902a  _SCIA_TX_ISR                          
0     00009034  _SCIB_RX_ISR                          
0     0000903e  _SCIB_TX_ISR                          
0     00009048  _CANA0_ISR                            
0     00009052  _CANA1_ISR                            
0     0000905c  _CANB0_ISR                            
0     00009066  _CANB1_ISR                            
0     00009070  _ADCA_EVT_ISR                         
0     0000907a  _ADCA2_ISR                            
0     00009084  _ADCA3_ISR                            
0     0000908e  _ADCA4_ISR                            
0     00009098  _ADCB_EVT_ISR                         
0     000090a2  _ADCB2_ISR                            
0     000090ac  _ADCB3_ISR                            
0     000090b6  _ADCB4_ISR                            
0     000090c0  _CLA1_1_ISR                           
0     000090ca  _CLA1_2_ISR                           
0     000090d4  _CLA1_3_ISR                           
0     000090de  _CLA1_4_ISR                           
0     000090e8  _CLA1_5_ISR                           
0     000090f2  _CLA1_6_ISR                           
0     000090fc  _CLA1_7_ISR                           
0     00009106  _CLA1_8_ISR                           
0     00009110  _XINT3_ISR                            
0     0000911a  _XINT4_ISR                            
0     00009124  _XINT5_ISR                            
0     0000912e  _VCU_ISR                              
0     00009138  _FPU_OVERFLOW_ISR                     
0     00009142  _FPU_UNDERFLOW_ISR                    
0     0000914c  _IPC0_ISR                             
0     00009156  _IPC1_ISR                             
0     00009160  _IPC2_ISR                             
0     0000916a  _IPC3_ISR                             
0     00009174  _EPWM9_TZ_ISR                         
0     0000917e  _EPWM10_TZ_ISR                        
0     00009188  _EPWM11_TZ_ISR                        
0     00009192  _EPWM12_TZ_ISR                        
0     0000919c  _EPWM9_ISR                            
0     000091a6  _EPWM10_ISR                           
0     000091b0  _EPWM11_ISR                           
0     000091ba  _EPWM12_ISR                           
0     000091c4  _SD1_ISR                              
0     000091ce  _SD2_ISR                              
0     000091d8  _SPIC_RX_ISR                          
0     000091e2  _SPIC_TX_ISR                          
0     000091ec  _UPPA_ISR                             
0     000091f6  _USBA_ISR                             
0     00009200  _ADCC_EVT_ISR                         
0     0000920a  _ADCC2_ISR                            
0     00009214  _ADCC3_ISR                            
0     0000921e  _ADCC4_ISR                            
0     00009228  _ADCD_EVT_ISR                         
0     00009232  _ADCD2_ISR                            
0     0000923c  _ADCD3_ISR                            
0     00009246  _ADCD4_ISR                            
0     00009250  _EMIF_ERROR_ISR                       
0     0000925a  _RAM_CORRECTABLE_ERROR_ISR            
0     00009264  _FLASH_CORRECTABLE_ERROR_ISR          
0     0000926e  _RAM_ACCESS_VIOLATION_ISR             
0     00009278  _SYS_PLL_SLIP_ISR                     
0     00009282  _AUX_PLL_SLIP_ISR                     
0     0000928c  _CLA_OVERFLOW_ISR                     
0     00009296  _CLA_UNDERFLOW_ISR                    
0     000092a0  _PIE_RESERVED_ISR                     
0     000092aa  _EMPTY_ISR                            
0     000092b7  _NOTUSED_ISR                          
0     000092c1  _InitSysCtrl                          
0     000092f2  _InitPeripheralClocks                 
0     00009376  _DisablePeripheralClocks              
0     0000938e  _ServiceDog                           
0     0000939c  _DisableDog                           
0     000093aa  _InitSysPll                           
0     0000942e  _InitAuxPll                           
0     000094c0  _CsmUnlock                            
0     000094e1  _SysIntOsc1Sel                        
0     000094eb  _SysIntOsc2Sel                        
0     000094f5  _SysXtalOscSel                        
0     00009501  _AuxIntOsc2Sel                        
0     0000950b  _AuxXtalOscSel                        
0     00009517  _AuxAuxClkSel                         
0     00009521  _IDLE                                 
0     0000952a  _STANDBY                              
0     00009535  _HALT                                 
0     00009546  _HIB                                  
0     0000955a  _InitGpio                             
0     0000959a  _GPIO_SetupPinMux                     
0     00009626  _GPIO_SetupPinOptions                 
0     000096ba  _GPIO_SetupLock                       
0     000096e3  _GPIO_SetupXINT1Gpio                  
0     000096ed  _GPIO_SetupXINT2Gpio                  
0     000096f7  _GPIO_SetupXINT3Gpio                  
0     00009701  _GPIO_SetupXINT4Gpio                  
0     0000970b  _GPIO_SetupXINT5Gpio                  
0     00009715  _GPIO_EnableUnbondedIOPullupsFor176Pin
0     0000972e  _GPIO_EnableUnbondedIOPullupsFor100Pin
0     00009753  _GPIO_EnableUnbondedIOPullups         
0     00009769  _GPIO_ReadPin                         
0     00009780  _GPIO_WritePin                        
0     0000979e  _InitMotor1EPwmGpio                   
0     000097ca  _InitMotor1EQepGpio                   
0     000097e9  _InitMotor1SpiGpio                    
0     00009812  _InitMotor1_DRV_Gpio                  
0     0000982f  _InitSysCtrl1                         
0     00009860  _ConfigureADC                         
0     000098b6  _PWM_1ch_UpDwnCnt_CNF                 
0     00009923  _PWM_1ch_UpDwnCnt_CNF_noDB            
0     0000997e  _InitSpiRegs_DRV830x                  
0     000099a9  _MotorControlISR                      
0     000099d7  _OffsetISR                            
0     00009ad2  _exp                                  
0     00009ad2  _expf                                 
0     00009be3  _AdcSetMode                           
0     00009c9a  _CalAdcINL                            
0     00009cd4  _DLOG_4CH_F_init                      
0     00009d10  _DLOG_4CH_F_FUNC                      
0     00009daf  FS$$DIV                               
0     00009e37  _floor                                
0     00009e37  _floorf                               
0     00009e90  _c_int00                              
0     00009ee6  C$$EXIT                               
0     00009ee6  _abort                                
0     00009ee8  _exit                                 
0     00009f0f  _InitPieCtrl                          
0     00009f2e  _EnableInterrupts                     
0     00009f37  _InitPieVectTable                     
0     00009f5d  _copy_in                              
0     00009f81  _memcpy                               
0     00009f9e  __args_main                           
0     00009fb0  __register_unlock                     
0     00009fb4  __register_lock                       
0     00009fb8  __nop                                 
0     00009fc1  __system_pre_init                     
0     00009fc3  __system_post_cinit                   
0     00010000  ___cinit__                            
0     00010000  cinit                                 
1     00000400  __stack                               
1     00000780  __STACK_END                           
1     00000b00  _AdcaResultRegs                       
1     00000b20  _AdcbResultRegs                       
1     00000b40  _AdccResultRegs                       
1     00000b60  _AdcdResultRegs                       
1     00000c00  _CpuTimer0Regs                        
1     00000c08  _CpuTimer1Regs                        
1     00000c10  _CpuTimer2Regs                        
1     00000ce0  _PieCtrlRegs                          
1     00000d00  _EmuKey                               
1     00000d00  _PieVectTable                         
1     00000d01  _EmuBMode                             
1     00001000  _DmaRegs                              
1     00001400  _Cla1Regs                             
1     00004000  _EPwm1Regs                            
1     00004100  _EPwm2Regs                            
1     00004200  _EPwm3Regs                            
1     00004300  _EPwm4Regs                            
1     00004400  _EPwm5Regs                            
1     00004500  _EPwm6Regs                            
1     00004600  _EPwm7Regs                            
1     00004700  _EPwm8Regs                            
1     00004800  _EPwm9Regs                            
1     00004900  _EPwm10Regs                           
1     00004a00  _EPwm11Regs                           
1     00004b00  _EPwm12Regs                           
1     00005000  _ECap1Regs                            
1     00005020  _ECap2Regs                            
1     00005040  _ECap3Regs                            
1     00005060  _ECap4Regs                            
1     00005080  _ECap5Regs                            
1     000050a0  _ECap6Regs                            
1     00005100  _EQep1Regs                            
1     00005140  _EQep2Regs                            
1     00005180  _EQep3Regs                            
1     00005c00  _DacaRegs                             
1     00005c10  _DacbRegs                             
1     00005c20  _DaccRegs                             
1     00005c80  _Cmpss1Regs                           
1     00005ca0  _Cmpss2Regs                           
1     00005cc0  _Cmpss3Regs                           
1     00005ce0  _Cmpss4Regs                           
1     00005d00  _Cmpss5Regs                           
1     00005d20  _Cmpss6Regs                           
1     00005d40  _Cmpss7Regs                           
1     00005d60  _Cmpss8Regs                           
1     00005e00  _Sdfm1Regs                            
1     00005e80  _Sdfm2Regs                            
1     00006000  _McbspaRegs                           
1     00006040  _McbspbRegs                           
1     00006100  _SpiaRegs                             
1     00006110  _SpibRegs                             
1     00006120  _SpicRegs                             
1     00006200  _UppRegs                              
1     00007000  _WdRegs                               
1     00007060  _NmiIntruptRegs                       
1     00007070  _XintRegs                             
1     00007200  _SciaRegs                             
1     00007210  _ScibRegs                             
1     00007220  _ScicRegs                             
1     00007230  _ScidRegs                             
1     00007300  _I2caRegs                             
1     00007340  _I2cbRegs                             
1     00007400  _AdcaRegs                             
1     00007480  _AdcbRegs                             
1     00007500  _AdccRegs                             
1     00007580  _AdcdRegs                             
1     00007900  _InputXbarRegs                        
1     00007920  _XbarRegs                             
1     00007940  _SyncSocRegs                          
1     00007980  _DmaClaSrcSelRegs                     
1     00007a00  _EPwmXbarRegs                         
1     00007a80  _OutputXbarRegs                       
1     00007c00  _GpioCtrlRegs                         
1     00007f00  _GpioDataRegs                         
1     0000b000  _SerialCommsTimer                     
1     0000b001  _PeriodMax                            
1     0000b002  _EnableFlag                           
1     0000b003  _BackTicker                           
1     0000b004  _LedCnt                               
1     0000b005  _OffsetCalCounter                     
1     0000b006  _ResetSW                              
1     0000b007  _ADSW                                 
1     0000b008  _ADdebugSW                            
1     0000b009  _PLLSW                                
1     0000b00a  _f_emf_comp                           
1     0000b00b  _VcObsSW                              
1     0000b00c  _IcObsSW                              
1     0000b00d  _IcObsFullSW                          
1     0000b00e  _VcObsFullSW                          
1     0000b00f  _SPEEDSW                              
1     0000b010  _PWMCOMPSW                            
1     0000b011  _ptrMax                               
1     0000b012  _ptr1                                 
1     0000b013  _DRV_RESET                            
1     0000b016  _VCM_AMP                              
1     0000b018  _spd_lpf_cnt                          
1     0000b01a  _voluse                               
1     0000b01c  _Alpha_State_Ptr                      
1     0000b01e  _A_Task_Ptr                           
1     0000b020  _B_Task_Ptr                           
1     0000b022  _C_Task_Ptr                           
1     0000b024  _adc_cal                              
1     0000b026  _Tmp                                  
1     0000b028  _IsrTicker                            
1     0000b02a  _AdcIsrTicker                         
1     0000b02c  _K1                                   
1     0000b02e  _K2                                   
1     0000b030  _cal_filt_gain                        
1     0000b032  _Vd                                   
1     0000b034  _Vq                                   
1     0000b036  _Vtotal                               
1     0000b038  _Id                                   
1     0000b03a  _Iq                                   
1     0000b03c  _Itotal                               
1     0000b03e  _speed_hat                            
1     0000b040  _speed_hat_old                        
1     0000b042  _speed_lpf                            
1     0000b044  _speed_lpf_old                        
1     0000b046  _theta_hat                            
1     0000b048  _theta_err                            
1     0000b04a  _Kp_o                                 
1     0000b04c  _R_hat                                
1     0000b04e  _L_hat                                
1     0000b050  _wL_f                                 
1     0000b052  _wL_pu                                
1     0000b054  _w_pu100                              
1     0000b056  _emf_d                                
1     0000b058  _emf_q                                
1     0000b05a  _Vd_cff_wLd                           
1     0000b05c  _Vq_cff_wLd                           
1     0000b05e  _wT_pu                                
1     0000b060  _Amplitude_pwm                        
1     0000b062  _Id_dis_ref                           
1     0000b064  _Iq_dis_ref                           
1     0000b066  _Id_dis_err                           
1     0000b068  _Iq_dis_err                           
1     0000b06a  _Id_dis_err_old                       
1     0000b06c  _Iq_dis_err_old                       
1     0000b06e  _Vd_dis_RToverL                       
1     0000b070  _Vq_dis_RToverL                       
1     0000b072  _Vd_dis_K                             
1     0000b074  _Vq_dis_K                             
1     0000b076  _Vd_dis_K_debug                       
1     0000b078  _Vq_dis_K_debug                       
1     0000b07a  _Exp_N_RToverL                        
1     0000b07c  _BW_CC_dis                            
1     0000b07e  _kT                                   
1     0000b080  _Aphase_cur                           
1     0000b082  _Bphase_cur                           
1     0000b084  _Ic_d_PWM_old                         
1     0000b086  _Ic_q_PWM_old                         
1     0000b088  _Ic_alpha_old                         
1     0000b08a  _Ic_beta_old                          
1     0000b08c  _Kp_cc_T                              
1     0000b08e  _Ang_comp_2                           
1     0000b090  _Ang_comp                             
1     0000b092  _k                                    
1     0000b094  _wc                                   
1     0000b096  _kc1                                  
1     0000b098  _wc1                                  
1     0000b09a  _IdRef_start                          
1     0000b09c  _IdRef_run                            
1     0000b09e  _cntr1                                
1     0000b0a0  _posSlewRate                          
1     0000b0a2  _DlogCh1                              
1     0000b0a4  _DlogCh2                              
1     0000b0a6  _DlogCh3                              
1     0000b0a8  _DlogCh4                              
1     0000b0c0  _dlog_4ch1                            
1     0000b100  _emf                                  
1     0000b140  _motor1                               
1     0000b514  _posArray                             
1     0000b524  ___TI_enable_exit_profile_output      
1     0000b526  ___TI_cleanup_ptr                     
1     0000b528  ___TI_dtors_ptr                       
1     0000b52a  _VTimer0                              
1     0000b52e  _VTimer1                              
1     0000b532  _VTimer2                              
1     0000b536  __lock                                
1     0000b538  __unlock                              
1     0000b53a  _errno                                
1     0000b540  _DBUFF_4CH1                           
1     0000b700  _DBUFF_4CH2                           
1     0000b8c0  _DBUFF_4CH3                           
1     0000ba80  _DBUFF_4CH4                           
1     0000bc10  _PieVectTableInit                     
1     00047000  _Emif1Regs                            
1     00047800  _Emif2Regs                            
1     00050024  _FlashPumpSemaphoreRegs               
1     0005d000  _DevCfgRegs                           
1     0005d180  _AnalogSubsysRegs                     
1     0005d200  _ClkCfgRegs                           
1     0005d300  _CpuSysRegs                           
1     0005e608  _RomPrefetchRegs                      
1     0005f000  _DcsmZ1Regs                           
1     0005f040  _DcsmZ2Regs                           
1     0005f070  _DcsmCommonRegs                       
1     0005f400  _MemCfgRegs                           
1     0005f480  _Emif1ConfigRegs                      
1     0005f4a0  _Emif2ConfigRegs                      
1     0005f4c0  _AccessProtectionRegs                 
1     0005f500  _MemoryErrorRegs                      
1     0005f540  _RomWaitStateRegs                     
1     0005f800  _Flash0CtrlRegs                       
1     0005fb00  _Flash0EccRegs                        
1     0005fc00  _Flash1CtrlRegs                       
1     0005ff00  _Flash1EccRegs                        
1     00078000  _DcsmZ1Otp                            
1     00078200  _DcsmZ2Otp                            
abs   00000380  __STACK_SIZE                          
abs   ffffffff  .text                                 
abs   ffffffff  ___TI_pprof_out_hndl                  
abs   ffffffff  ___TI_prof_data_size                  
abs   ffffffff  ___TI_prof_data_start                 
abs   ffffffff  ___binit__                            
abs   ffffffff  ___c_args__                           
abs   ffffffff  ___etext__                            
abs   ffffffff  ___pinit__                            
abs   ffffffff  ___text__                             
abs   ffffffff  binit                                 
abs   ffffffff  etext                                 
abs   ffffffff  pinit                                 

[462 symbols]
